[Wednesday, 13 July 2016 at 20:21:22]
ERROR: plugins/admin.lua:510: attempt to index local 'file' (a nil value)
FROM: 125311351
CHAT: 125311351
TEXT: /ausernames

[Thursday, 14 July 2016 at 01:16:01]
ERROR: plugins/banhammer.lua:197: attempt to call global 'mystat' (a nil value)
FROM: 125311351
CHAT: -1001064696517
TEXT: /kick

[Thursday, 14 July 2016 at 01:49:52]
ERROR: /usr/local/share/lua/5.2/redis.lua:380: redis error: ERR Background save already in progress
FROM: 125311351
CHAT: 125311351
TEXT: /asave

[Thursday, 14 July 2016 at 02:44:53]
ERROR: plugins/users.lua:101: attempt to concatenate a nil value
FROM: 125311351
CHAT: -1001030085238
TEXT: /user

[Thursday, 14 July 2016 at 02:48:42]
ERROR: plugins/users.lua:65: 'end' expected (to close 'if' at line 45) near 'local'
FROM: 125311351
CHAT: 125311351
TEXT: /ainit

[Friday, 15 July 2016 at 10:31:01]
ERROR: plugins/admin.lua:257: attempt to index field 'luarun' (a nil value)
FROM: 125311351
CHAT: 125311351
TEXT: /alua

[Friday, 15 July 2016 at 17:33:16]
ERROR: /usr/local/share/lua/5.2/ssl/https.lua:65: interrupted!
FROM: 225464802
CHAT: -1001052073624
TEXT: ###added

[Friday, 15 July 2016 at 21:12:13]
ERROR: plugins/onmessage.lua:184: unexpected symbol near '.'
FROM: 125311351
CHAT: 125311351
TEXT: /ainit

[Friday, 15 July 2016 at 21:15:16]
ERROR: plugins/onmessage.lua:184: unexpected symbol near '.'
FROM: 125311351
CHAT: 125311351
TEXT: /ainit

[Saturday, 16 July 2016 at 00:43:03]
ERROR: /usr/local/share/lua/5.2/socket/url.lua:31: bad argument #1 to 'gsub' (string expected, got boolean)
FROM: 217156365
CHAT: -1001060427545
TEXT: ###cb:userbutton:banuser:234115926

[Sunday, 17 July 2016 at 16:21:40]
ERROR: ./methods.lua:21: attempt to index local 'tab' (a nil value)
FROM: 125311351
CHAT: 125311351
TEXT: /abcg Sorry if your game just disappeared. A bunch of nodes containing about 300 games had to be ended. We will continue to strive to keep your games going as smoothly as possible.

[Monday, 18 July 2016 at 21:50:31]
ERROR: plugins/service.lua:118: attempt to index field 'owner' (a number value)
FROM: 239158202
CHAT: -1001062443587
TEXT: ###added

[Monday, 18 July 2016 at 21:51:05]
ERROR: plugins/service.lua:118: attempt to index field 'owner' (a number value)
FROM: 251433987
CHAT: -1001067839689
TEXT: ###added

[Monday, 18 July 2016 at 21:51:51]
ERROR: config.lua:18: '}' expected (to close '{' at line 6) near 'superAdmins'
FROM: 125311351
CHAT: 125311351
TEXT: /ainit

[Monday, 18 July 2016 at 21:52:03]
ERROR: plugins/service.lua:118: attempt to index field 'owner' (a number value)
FROM: 185189777
CHAT: -1001052795980
TEXT: ###added

[Tuesday, 19 July 2016 at 01:24:18]
ERROR: utilities.lua:450: attempt to index local 'msg' (a nil value)
FROM: 125311351
CHAT: -1001030085238
TEXT: /warn

[Tuesday, 19 July 2016 at 01:25:35]
ERROR: utilities.lua:450: attempt to index local 'msg' (a nil value)
FROM: 125311351
CHAT: -1001030085238
TEXT: /warn

[Tuesday, 19 July 2016 at 01:31:47]
ERROR: utilities.lua:450: attempt to index local 'msg' (a nil value)
FROM: 125311351
CHAT: -1001030085238
TEXT: /warn

[Tuesday, 19 July 2016 at 06:20:10]
ERROR: utilities.lua:450: attempt to index local 'msg' (a nil value)
FROM: 213679181
CHAT: -1001057647561
TEXT: /warn @Fiqriminus

[Tuesday, 19 July 2016 at 06:45:27]
ERROR: utilities.lua:450: attempt to index local 'msg' (a nil value)
FROM: 233215976
CHAT: -1001056608780
TEXT: /warn

[Tuesday, 19 July 2016 at 06:48:01]
ERROR: utilities.lua:450: attempt to index local 'msg' (a nil value)
FROM: 144343439
CHAT: -1001056608780
TEXT: /warn

[Tuesday, 19 July 2016 at 10:10:29]
ERROR: utilities.lua:450: attempt to index local 'msg' (a nil value)
FROM: 72453180
CHAT: -1001069143028
TEXT: /warn

[Tuesday, 19 July 2016 at 10:15:29]
ERROR: utilities.lua:450: attempt to index local 'msg' (a nil value)
FROM: 122255845
CHAT: -1001068822986
TEXT: /warn

[Wednesday, 20 July 2016 at 10:17:32]
ERROR: plugins/banhammer.lua:258: 'then' expected near 'db'
FROM: 125311351
CHAT: -1001056443835
TEXT: /ainit

[Wednesday, 20 July 2016 at 10:21:04]
ERROR: plugins/banhammer.lua:255: attempt to concatenate upvalue 'get_user_id' (a function value)
FROM: 125311351
CHAT: -1001056443835
TEXT: /getrekt

[Wednesday, 20 July 2016 at 10:21:15]
ERROR: plugins/banhammer.lua:255: attempt to concatenate upvalue 'get_user_id' (a function value)
FROM: 133439848
CHAT: -1001056443835
TEXT: /getrekt

[Wednesday, 20 July 2016 at 10:22:30]
ERROR: plugins/banhammer.lua:256: attempt to concatenate local 'uesr' (a function value)
FROM: 125311351
CHAT: -1001056443835
TEXT: /getrekt

[Wednesday, 20 July 2016 at 10:23:01]
ERROR: plugins/banhammer.lua:256: attempt to concatenate local 'uesr' (a function value)
FROM: 133439848
CHAT: -1001056443835
TEXT: /getrekt

[Wednesday, 20 July 2016 at 10:27:03]
ERROR: plugins/banhammer.lua:254: unfinished string near ''getrekt'
FROM: 125311351
CHAT: -1001056443835
TEXT: /ainit

[Wednesday, 20 July 2016 at 10:38:36]
ERROR: plugins/banhammer.lua:288: invalid escape sequence near '\w'
FROM: 125311351
CHAT: -1001056443835
TEXT: /ainit

[Thursday, 21 July 2016 at 02:14:14]
ERROR: plugins/banhammer.lua:256: attempt to index field 'forward_from' (a nil value)
FROM: 125311351
CHAT: -1001064320187
TEXT: /getrekt testTest

[Thursday, 21 July 2016 at 02:16:16]
ERROR: plugins/banhammer.lua:257: attempt to index field 'forward_from' (a nil value)
FROM: 125311351
CHAT: -1001064320187
TEXT: /getrekt sleephead

[Thursday, 21 July 2016 at 02:18:30]
ERROR: plugins/banhammer.lua:257: attempt to index field 'forward_from' (a nil value)
FROM: 125311351
CHAT: -1001064320187
TEXT: /getrekt sleepy

[Thursday, 21 July 2016 at 02:23:45]
ERROR: plugins/banhammer.lua:257: attempt to index field 'forward_from' (a nil value)
FROM: 125311351
CHAT: -1001064320187
TEXT: /getrekt sleep

[Sunday, 24 July 2016 at 09:08:30]
ERROR: plugins/flag.lua:38: attempt to index global 'res' (a boolean value)
FROM: 95464354
CHAT: -1001030085238
TEXT: @admin

[Sunday, 24 July 2016 at 09:11:50]
ERROR: plugins/flag.lua:38: attempt to index global 'result' (a boolean value)
FROM: 95464354
CHAT: -1001030085238
TEXT: @admin

[Sunday, 24 July 2016 at 09:15:57]
ERROR: plugins/flag.lua:38: attempt to index global 'result' (a boolean value)
FROM: 95464354
CHAT: -1001030085238
TEXT: @admin

[Sunday, 24 July 2016 at 09:21:52]
ERROR: plugins/flag.lua:40: attempt to index global 'result' (a boolean value)
FROM: 95464354
CHAT: -1001030085238
TEXT: @admin

[Sunday, 24 July 2016 at 09:23:57]
ERROR: plugins/flag.lua:140: attempt to concatenate local 'solvedBy' (a nil value)
FROM: 125311351
CHAT: -1001030085238
TEXT: /solved

[Sunday, 24 July 2016 at 09:24:21]
ERROR: plugins/flag.lua:140: attempt to concatenate local 'solvedBy' (a nil value)
FROM: 125311351
CHAT: -1001030085238
TEXT: /solved

[Sunday, 24 July 2016 at 09:49:04]
ERROR: plugins/flag.lua:140: attempt to concatenate local 'solvedBy' (a nil value)
FROM: 133439848
CHAT: -1001030085238
TEXT: /solved

[Sunday, 24 July 2016 at 09:52:57]
ERROR: plugins/flag.lua:140: attempt to concatenate local 'solvedBy' (a nil value)
FROM: 95464354
CHAT: -1001062836406
TEXT: /solved

[Sunday, 24 July 2016 at 09:53:28]
ERROR: plugins/flag.lua:140: attempt to concatenate local 'solvedBy' (a nil value)
FROM: 95464354
CHAT: -1001062836406
TEXT: /solved

[Sunday, 24 July 2016 at 10:04:22]
ERROR: plugins/flag.lua:140: attempt to concatenate local 'solvedBy' (a nil value)
FROM: 125311351
CHAT: -1001062836406
TEXT: /solved

[Sunday, 24 July 2016 at 10:25:15]
ERROR: plugins/flag.lua:140: attempt to concatenate local 'solvedBy' (a nil value)
FROM: 125311351
CHAT: -1001062836406
TEXT: /solved

[Sunday, 24 July 2016 at 10:25:28]
ERROR: plugins/flag.lua:140: attempt to concatenate local 'solvedBy' (a nil value)
FROM: 182503797
CHAT: -1001062836406
TEXT: /solved

[Sunday, 24 July 2016 at 10:44:01]
ERROR: plugins/flag.lua:140: attempt to concatenate local 'solvedBy' (a nil value)
FROM: 125311351
CHAT: -1001062836406
TEXT: /solved

[Sunday, 24 July 2016 at 10:48:58]
ERROR: plugins/flag.lua:152: 'then' expected near 'local'
FROM: 125311351
CHAT: -1001056443835
TEXT: /ainit

[Sunday, 24 July 2016 at 11:30:40]
ERROR: plugins/flag.lua:33: attempt to index global 'ArrayList' (a nil value)
FROM: 149234944
CHAT: -1001056443835
TEXT: @admin test

[Sunday, 24 July 2016 at 11:35:01]
ERROR: plugins/flag.lua:64: attempt to index field 'result' (a nil value)
FROM: 205880892
CHAT: -1001056443835
TEXT: @admin test aye

[Sunday, 24 July 2016 at 11:35:24]
ERROR: plugins/flag.lua:64: attempt to index field 'result' (a nil value)
FROM: 149234944
CHAT: -1001056443835
TEXT: @admin teast

[Sunday, 24 July 2016 at 11:38:06]
ERROR: plugins/flag.lua:64: attempt to index field 'result' (a nil value)
FROM: 232426980
CHAT: -1001030085238
TEXT: @admin test only

[Sunday, 24 July 2016 at 11:41:36]
ERROR: plugins/flag.lua:64: attempt to index field 'result' (a nil value)
FROM: 260481378
CHAT: -1001030085238
TEXT: @admin spam report

[Sunday, 24 July 2016 at 12:04:56]
ERROR: plugins/flag.lua:41: ')' expected (to close '(' at line 40) near 'end'
FROM: 125311351
CHAT: -1001056443835
TEXT: /ainit

[Sunday, 24 July 2016 at 12:27:33]
ERROR: /usr/local/share/lua/5.2/redis.lua:380: redis error: WRONGTYPE Operation against a key holding the wrong kind of value
FROM: 253506909
CHAT: -1001030085238
TEXT: @admin dead talk

[Sunday, 24 July 2016 at 12:27:37]
ERROR: /usr/local/share/lua/5.2/redis.lua:380: redis error: WRONGTYPE Operation against a key holding the wrong kind of value
FROM: 193657696
CHAT: -1001030085238
TEXT: @admin

[Sunday, 24 July 2016 at 12:35:03]
ERROR: plugins/flag.lua:61: attempt to index field '?' (a nil value)
FROM: 149234944
CHAT: -1001056443835
TEXT: @admin test

[Sunday, 24 July 2016 at 12:38:59]
ERROR: plugins/flag.lua:61: attempt to index field '?' (a nil value)
FROM: 134864141
CHAT: -1001060486754
TEXT: @admin

[Sunday, 24 July 2016 at 12:39:41]
ERROR: plugins/flag.lua:61: attempt to index field '?' (a nil value)
FROM: 149234944
CHAT: -1001056443835
TEXT: @admin test

[Sunday, 24 July 2016 at 12:41:03]
ERROR: plugins/flag.lua:61: attempt to index field '?' (a nil value)
FROM: 158279063
CHAT: -1001056839438
TEXT: @admin ??????

[Sunday, 24 July 2016 at 12:45:28]
ERROR: plugins/flag.lua:62: attempt to index field '?' (a nil value)
FROM: 205880892
CHAT: -1001056443835
TEXT: @admin test

[Sunday, 24 July 2016 at 12:47:57]
ERROR: /usr/local/share/lua/5.2/redis.lua:380: redis error: ERR wrong number of arguments for 'hset' command
FROM: 205880892
CHAT: -1001056443835
TEXT: @admin test

[Sunday, 24 July 2016 at 12:50:28]
ERROR: /usr/local/share/lua/5.2/redis.lua:380: redis error: ERR wrong number of arguments for 'hset' command
FROM: 205880892
CHAT: -1001056443835
TEXT: @admin fight

[Sunday, 24 July 2016 at 12:51:20]
ERROR: /usr/local/share/lua/5.2/redis.lua:380: redis error: ERR wrong number of arguments for 'hset' command
FROM: 249570155
CHAT: -1001030085238
TEXT: @admin english

[Sunday, 24 July 2016 at 12:53:33]
ERROR: /usr/local/share/lua/5.2/redis.lua:380: redis error: ERR wrong number of arguments for 'hset' command
FROM: 205880892
CHAT: -1001056443835
TEXT: @admin ganbatte

[Sunday, 24 July 2016 at 13:00:08]
ERROR: /usr/local/share/lua/5.2/redis.lua:380: redis error: ERR wrong number of arguments for 'hset' command
FROM: 33517996
CHAT: -1001056443835
TEXT: @admin afk

[Sunday, 24 July 2016 at 13:00:09]
ERROR: /usr/local/share/lua/5.2/redis.lua:380: redis error: ERR wrong number of arguments for 'hset' command
FROM: 205880892
CHAT: -1001056443835
TEXT: @admin twat

[Sunday, 24 July 2016 at 13:06:03]
ERROR: /usr/local/share/lua/5.2/redis.lua:380: redis error: WRONGTYPE Operation against a key holding the wrong kind of value
FROM: 149234944
CHAT: -1001056443835
TEXT: @admin trst

[Sunday, 24 July 2016 at 13:09:10]
ERROR: /usr/local/share/lua/5.2/redis.lua:380: redis error: WRONGTYPE Operation against a key holding the wrong kind of value
FROM: 33517996
CHAT: -1001056443835
TEXT: @admin fgt

[Sunday, 24 July 2016 at 13:12:15]
ERROR: /usr/local/share/lua/5.2/redis.lua:380: redis error: WRONGTYPE Operation against a key holding the wrong kind of value
FROM: 205880892
CHAT: -1001056443835
TEXT: @admin aaaa

[Sunday, 24 July 2016 at 13:16:01]
ERROR: /usr/local/share/lua/5.2/redis.lua:380: redis error: WRONGTYPE Operation against a key holding the wrong kind of value
FROM: 33517996
CHAT: -1001056443835
TEXT: @admin second report

[Sunday, 24 July 2016 at 13:20:51]
ERROR: /usr/local/share/lua/5.2/redis.lua:380: redis error: ERR wrong number of arguments for 'hset' command
FROM: 221962247
CHAT: -1001066860506
TEXT: @admin And you. Deadtalking

[Sunday, 24 July 2016 at 13:23:06]
ERROR: /usr/local/share/lua/5.2/redis.lua:380: redis error: ERR wrong number of arguments for 'hset' command
FROM: 236719346
CHAT: -1001066860506
TEXT: @admin

[Sunday, 24 July 2016 at 13:26:20]
ERROR: /usr/local/share/lua/5.2/redis.lua:380: redis error: ERR wrong number of arguments for 'hset' command
FROM: 236719346
CHAT: -1001066860506
TEXT: @admin deadtalking

[Sunday, 24 July 2016 at 13:26:24]
ERROR: /usr/local/share/lua/5.2/redis.lua:380: redis error: ERR wrong number of arguments for 'hset' command
FROM: 230573047
CHAT: -1001061941500
TEXT: @admin

[Sunday, 24 July 2016 at 13:32:16]
ERROR: /usr/local/share/lua/5.2/redis.lua:380: redis error: ERR wrong number of arguments for 'hset' command
FROM: 205880892
CHAT: -1001030085238
TEXT: @admin testing only

[Sunday, 24 July 2016 at 13:40:50]
ERROR: /usr/local/share/lua/5.2/redis.lua:380: redis error: ERR wrong number of arguments for 'hset' command
FROM: 89662624
CHAT: -1001056443835
TEXT: @admin

[Sunday, 24 July 2016 at 13:46:59]
ERROR: /usr/local/share/lua/5.2/redis.lua:380: redis error: ERR wrong number of arguments for 'hset' command
FROM: 204786902
CHAT: -1001066860506
TEXT: @admin spam image

[Sunday, 24 July 2016 at 13:53:44]
ERROR: plugins/flag.lua:19: unexpected symbol near 'for'
FROM: 125311351
CHAT: -1001056443835
TEXT: /ainit

[Sunday, 24 July 2016 at 13:55:30]
ERROR: plugins/flag.lua:21: attempt to index local 'uname' (a nil value)
FROM: 33517996
CHAT: -1001056443835
TEXT: @admin please

[Sunday, 24 July 2016 at 13:55:54]
ERROR: plugins/flag.lua:21: attempt to index local 'uname' (a nil value)
FROM: 89662624
CHAT: -1001056443835
TEXT: @admin

[Sunday, 24 July 2016 at 13:57:58]
ERROR: plugins/flag.lua:21: attempt to index local 'uname' (a nil value)
FROM: 89662624
CHAT: -1001056443835
TEXT: @admin

[Sunday, 24 July 2016 at 14:00:03]
ERROR: plugins/flag.lua:22: attempt to index local 'uname' (a nil value)
FROM: 33517996
CHAT: -1001056443835
TEXT: @admin rest

[Sunday, 24 July 2016 at 14:00:03]
ERROR: plugins/flag.lua:22: attempt to index local 'uname' (a nil value)
FROM: 89662624
CHAT: -1001056443835
TEXT: @admin

[Sunday, 24 July 2016 at 14:00:32]
ERROR: plugins/flag.lua:22: attempt to index local 'uname' (a nil value)
FROM: 89662624
CHAT: -1001056443835
TEXT: @admin

[Sunday, 24 July 2016 at 14:01:50]
ERROR: plugins/flag.lua:23: attempt to index local 'uname' (a nil value)
FROM: 89662624
CHAT: -1001056443835
TEXT: @admin

[Sunday, 24 July 2016 at 14:02:02]
ERROR: plugins/flag.lua:23: attempt to index local 'uname' (a nil value)
FROM: 89662624
CHAT: -1001056443835
TEXT: @admin report

[Sunday, 24 July 2016 at 14:04:46]
ERROR: plugins/flag.lua:23: attempt to index local 'uname' (a nil value)
FROM: 89662624
CHAT: -1001056443835
TEXT: @admin

[Sunday, 24 July 2016 at 14:05:22]
ERROR: plugins/flag.lua:23: attempt to index local 'uname' (a nil value)
FROM: 33517996
CHAT: -1001056443835
TEXT: @admin reported

[Sunday, 24 July 2016 at 14:06:53]
ERROR: plugins/flag.lua:23: attempt to index local 'uname' (a nil value)
FROM: 89662624
CHAT: -1001056443835
TEXT: @admin

[Sunday, 24 July 2016 at 14:07:42]
ERROR: plugins/flag.lua:23: attempt to index local 'uname' (a nil value)
FROM: 33517996
CHAT: -1001056443835
TEXT: @admin another one

[Sunday, 24 July 2016 at 14:07:49]
ERROR: plugins/flag.lua:23: attempt to index local 'uname' (a nil value)
FROM: 230887027
CHAT: -1001057873093
TEXT: @admin no talking in jail

[Sunday, 24 July 2016 at 14:09:19]
ERROR: plugins/flag.lua:99: 'then' expected near 'is'
FROM: 125311351
CHAT: -1001056443835
TEXT: /ainit

[Sunday, 24 July 2016 at 14:11:12]
ERROR: /usr/local/share/lua/5.2/redis.lua:380: redis error: ERR wrong number of arguments for 'hset' command
FROM: 89662624
CHAT: -1001056443835
TEXT: @admin

[Sunday, 24 July 2016 at 14:11:30]
ERROR: /usr/local/share/lua/5.2/redis.lua:380: redis error: ERR wrong number of arguments for 'hset' command
FROM: 33517996
CHAT: -1001056443835
TEXT: @admin bug

[Sunday, 24 July 2016 at 14:13:03]
ERROR: /usr/local/share/lua/5.2/redis.lua:380: redis error: ERR wrong number of arguments for 'hset' command
FROM: 221962247
CHAT: -1001057873093
TEXT: @admin i thought betraying team is forbidden?

[Sunday, 24 July 2016 at 14:14:57]
ERROR: plugins/flag.lua:20: syntax error near 'print'
FROM: 125311351
CHAT: -1001056443835
TEXT: /ainit

[Sunday, 24 July 2016 at 14:17:13]
ERROR: /usr/local/share/lua/5.2/redis.lua:380: redis error: ERR wrong number of arguments for 'hset' command
FROM: 33517996
CHAT: -1001030085238
TEXT: @admin test

[Sunday, 24 July 2016 at 14:17:17]
ERROR: /usr/local/share/lua/5.2/redis.lua:380: redis error: ERR wrong number of arguments for 'hset' command
FROM: 89662624
CHAT: -1001030085238
TEXT: @admin

[Sunday, 24 July 2016 at 14:18:10]
ERROR: /usr/local/share/lua/5.2/redis.lua:380: redis error: ERR wrong number of arguments for 'hset' command
FROM: 89662624
CHAT: -1001030085238
TEXT: @admin bug

[Sunday, 24 July 2016 at 14:24:29]
ERROR: /usr/local/share/lua/5.2/redis.lua:380: redis error: ERR wrong number of arguments for 'hset' command
FROM: 196232670
CHAT: -1001030085238
TEXT: @admin

[Sunday, 24 July 2016 at 14:24:41]
ERROR: /usr/local/share/lua/5.2/redis.lua:380: redis error: ERR wrong number of arguments for 'hset' command
FROM: 216936968
CHAT: -1001030085238
TEXT: @admin ?

[Sunday, 24 July 2016 at 14:24:51]
ERROR: /usr/local/share/lua/5.2/redis.lua:380: redis error: ERR wrong number of arguments for 'hset' command
FROM: 76300661
CHAT: -1001030085238
TEXT: @admin test

[Sunday, 24 July 2016 at 14:25:42]
ERROR: /usr/local/share/lua/5.2/redis.lua:380: redis error: ERR wrong number of arguments for 'hset' command
FROM: 33517996
CHAT: -1001030085238
TEXT: @admin test

[Sunday, 24 July 2016 at 14:28:42]
ERROR: /usr/local/share/lua/5.2/redis.lua:380: redis error: ERR wrong number of arguments for 'hset' command
FROM: 224510454
CHAT: -1001030085238
TEXT: @admin

[Sunday, 24 July 2016 at 14:29:00]
ERROR: /usr/local/share/lua/5.2/redis.lua:380: redis error: ERR wrong number of arguments for 'hset' command
FROM: 157745604
CHAT: -1001030085238
TEXT: @admin porn

[Sunday, 24 July 2016 at 14:32:13]
ERROR: /usr/local/share/lua/5.2/redis.lua:380: redis error: ERR wrong number of arguments for 'hset' command
FROM: 89662624
CHAT: -1001056443835
TEXT: @admin

[Sunday, 24 July 2016 at 14:32:17]
ERROR: /usr/local/share/lua/5.2/redis.lua:380: redis error: ERR wrong number of arguments for 'hset' command
FROM: 33517996
CHAT: -1001056443835
TEXT: @admin troll

[Sunday, 24 July 2016 at 14:32:21]
ERROR: /usr/local/share/lua/5.2/redis.lua:380: redis error: ERR wrong number of arguments for 'hset' command
FROM: 51068489
CHAT: -1001056443835
TEXT: @admin im cute

[Sunday, 24 July 2016 at 14:32:36]
ERROR: /usr/local/share/lua/5.2/redis.lua:380: redis error: ERR wrong number of arguments for 'hset' command
FROM: 149234944
CHAT: -1001056443835
TEXT: @admin bot

[Sunday, 24 July 2016 at 14:34:16]
ERROR: /usr/local/share/lua/5.2/redis.lua:380: redis error: ERR wrong number of arguments for 'hset' command
FROM: 33517996
CHAT: -1001056443835
TEXT: @admin dumb

[Sunday, 24 July 2016 at 14:42:17]
ERROR: /usr/local/share/lua/5.2/redis.lua:380: redis error: WRONGTYPE Operation against a key holding the wrong kind of value
FROM: 125311351
CHAT: -1001056443835
TEXT: /solved

[Sunday, 24 July 2016 at 14:44:50]
ERROR: /usr/local/share/lua/5.2/redis.lua:380: redis error: WRONGTYPE Operation against a key holding the wrong kind of value
FROM: 125311351
CHAT: -1001056443835
TEXT: /solved

[Sunday, 24 July 2016 at 14:53:07]
ERROR: /usr/local/share/lua/5.2/redis.lua:380: redis error: WRONGTYPE Operation against a key holding the wrong kind of value
FROM: 125311351
CHAT: -1001056443835
TEXT: /solved

[Sunday, 24 July 2016 at 15:04:46]
ERROR: /usr/local/share/lua/5.2/redis.lua:380: redis error: WRONGTYPE Operation against a key holding the wrong kind of value
FROM: 125311351
CHAT: -1001056443835
TEXT: /solved

[Sunday, 24 July 2016 at 15:06:08]
ERROR: ./methods.lua:374: attempt to concatenate local 'message_id' (a nil value)
FROM: 125311351
CHAT: -1001056443835
TEXT: /solved

[Sunday, 24 July 2016 at 15:57:06]
ERROR: plugins/flag.lua:66: malformed number near '1..'
FROM: 125311351
CHAT: -1001056443835
TEXT: /ainit

[Sunday, 24 July 2016 at 16:12:09]
ERROR: plugins/flag.lua:93: <eof> expected near 'end'
FROM: 125311351
CHAT: 125311351
TEXT: /ainit

[Sunday, 24 July 2016 at 16:15:14]
ERROR: /usr/local/share/lua/5.2/redis.lua:380: redis error: ERR Background save already in progress
FROM: 125311351
CHAT: 125311351
TEXT: /asave

[Sunday, 24 July 2016 at 20:59:41]
ERROR: /usr/local/share/lua/5.2/socket/url.lua:31: bad argument #1 to 'gsub' (string expected, got boolean)
FROM: 212492013
CHAT: -1001058050723
TEXT: ###cb:userbutton:banuser:212492013

[Sunday, 24 July 2016 at 20:59:48]
ERROR: /usr/local/share/lua/5.2/socket/url.lua:31: bad argument #1 to 'gsub' (string expected, got boolean)
FROM: 212492013
CHAT: -1001058050723
TEXT: ###cb:userbutton:banuser:212492013

[Tuesday, 26 July 2016 at 14:39:41]
ERROR: /usr/local/share/lua/5.2/socket/url.lua:31: bad argument #1 to 'gsub' (string expected, got boolean)
FROM: 261996891
CHAT: -1001064461363
TEXT: ###cb:userbutton:banuser:200569878

[Tuesday, 26 July 2016 at 14:59:47]
ERROR: /usr/local/share/lua/5.2/socket/url.lua:31: bad argument #1 to 'gsub' (string expected, got boolean)
FROM: 261996891
CHAT: -1001064461363
TEXT: ###cb:userbutton:banuser:200569878

[Tuesday, 26 July 2016 at 20:06:20]
ERROR: /usr/local/share/lua/5.2/socket/url.lua:31: bad argument #1 to 'gsub' (string expected, got boolean)
FROM: 154565744
CHAT: -1001050169602
TEXT: ###cb:userbutton:banuser:164349784

[Wednesday, 27 July 2016 at 10:59:19]
ERROR: plugins/users.lua:20: 'do' expected near 'if'
FROM: 125311351
CHAT: -1001054385521
TEXT: /ainit

[Wednesday, 27 July 2016 at 11:03:26]
ERROR: plugins/users.lua:166: attempt to index field 'reply' (a nil value)
FROM: 125311351
CHAT: -1001054385521
TEXT: /id

[Wednesday, 27 July 2016 at 11:05:14]
ERROR: plugins/users.lua:175: attempt to concatenate global 'name' (a nil value)
FROM: 125311351
CHAT: -1001054385521
TEXT: /id

[Wednesday, 27 July 2016 at 11:09:59]
ERROR: plugins/users.lua:170: syntax error near 'end'
FROM: 125311351
CHAT: -1001054385521
TEXT: /ainit

[Wednesday, 27 July 2016 at 11:19:31]
ERROR: plugins/users.lua:175: syntax error near 'if'
FROM: 125311351
CHAT: -1001054385521
TEXT: /ainit

[Wednesday, 27 July 2016 at 11:32:42]
ERROR: plugins/private.lua:113: attempt to concatenate global 'name' (a nil value)
FROM: 125311351
CHAT: 125311351
TEXT: /usrid

[Wednesday, 27 July 2016 at 11:33:49]
ERROR: plugins/private.lua:109: 'then' expected near 'api'
FROM: 125311351
CHAT: -1001054385521
TEXT: /ainit

[Saturday, 30 July 2016 at 11:39:20]
ERROR: plugins/banhammer.lua:45: attempt to index field 'nick' (a nil value)
FROM: 223976957
CHAT: -1001067839689
TEXT: /banlist

[Saturday, 30 July 2016 at 11:42:33]
ERROR: plugins/banhammer.lua:45: attempt to index field 'nick' (a nil value)
FROM: 223976957
CHAT: -1001067839689
TEXT: /banlist

[Saturday, 30 July 2016 at 12:46:11]
ERROR: plugins/banhammer.lua:45: attempt to index field 'nick' (a nil value)
FROM: 223976957
CHAT: -1001067839689
TEXT: /banlist

[Saturday, 30 July 2016 at 13:32:51]
ERROR: plugins/banhammer.lua:45: attempt to index field 'nick' (a nil value)
FROM: 223976957
CHAT: -1001067839689
TEXT: /banlist

[Saturday, 30 July 2016 at 20:36:36]
ERROR: plugins/banhammer.lua:45: attempt to index field 'nick' (a nil value)
FROM: 223976957
CHAT: -1001067839689
TEXT: /banlist

[Monday, 01 August 2016 at 19:20:20]
ERROR: plugins/banhammer.lua:45: attempt to index field 'nick' (a nil value)
FROM: 223976957
CHAT: -1001067839689
TEXT: /banlist

[Tuesday, 02 August 2016 at 12:07:34]
ERROR: ./methods.lua:34: attempt to index local 'tab' (a nil value)
FROM: 201679620
CHAT: -1001054477685
TEXT: /dashboard

[Tuesday, 02 August 2016 at 16:30:34]
ERROR: plugins/banhammer.lua:45: attempt to index field 'nick' (a nil value)
FROM: 223976957
CHAT: -1001067839689
TEXT: /banlist

[Tuesday, 02 August 2016 at 22:28:40]
ERROR: /usr/local/share/lua/5.2/socket/url.lua:31: bad argument #1 to 'gsub' (string expected, got boolean)
FROM: 70906033
CHAT: -1001045635733
TEXT: ###cb:userbutton:banuser:209487208

[Wednesday, 03 August 2016 at 04:44:50]
ERROR: plugins/banhammer.lua:45: attempt to index field 'nick' (a nil value)
FROM: 223976957
CHAT: -1001067839689
TEXT: /banlist

[Wednesday, 03 August 2016 at 05:21:31]
ERROR: plugins/banhammer.lua:45: attempt to index field 'nick' (a nil value)
FROM: 223976957
CHAT: -1001067839689
TEXT: /banlist

[Wednesday, 03 August 2016 at 05:23:49]
ERROR: plugins/banhammer.lua:45: attempt to index field 'nick' (a nil value)
FROM: 5102488
CHAT: -1001067839689
TEXT: /banlist

[Thursday, 04 August 2016 at 14:17:53]
ERROR: plugins/all.lua:241: attempt to index local 'text' (a nil value)
FROM: 228649622
CHAT: 228649622
TEXT: ###cb:menu:Rules:-1001059506245

[Thursday, 04 August 2016 at 17:26:52]
ERROR: /usr/local/share/lua/5.2/socket/url.lua:31: bad argument #1 to 'gsub' (string expected, got boolean)
FROM: 203154668
CHAT: -1001059528331
TEXT: ###cb:userbutton:banuser:135722218

[Thursday, 04 August 2016 at 17:27:19]
ERROR: /usr/local/share/lua/5.2/socket/url.lua:31: bad argument #1 to 'gsub' (string expected, got boolean)
FROM: 203154668
CHAT: -1001059528331
TEXT: ###cb:userbutton:banuser:135722218

[Thursday, 04 August 2016 at 19:37:16]
ERROR: /usr/local/share/lua/5.2/socket/url.lua:31: bad argument #1 to 'gsub' (string expected, got boolean)
FROM: 203154668
CHAT: -1001059528331
TEXT: ###cb:userbutton:banuser:105581840

[Saturday, 06 August 2016 at 16:23:26]
ERROR: plugins/banhammer.lua:45: attempt to index field 'nick' (a nil value)
FROM: 181112637
CHAT: -1001067839689
TEXT: /banlist

[Saturday, 06 August 2016 at 20:42:03]
ERROR: plugins/banhammer.lua:45: attempt to index field 'nick' (a nil value)
FROM: 219307130
CHAT: -1001024977045
TEXT: /banlist

[Sunday, 07 August 2016 at 00:39:36]
ERROR: /usr/local/share/lua/5.2/socket/url.lua:31: bad argument #1 to 'gsub' (string expected, got boolean)
FROM: 236818498
CHAT: -1001059174638
TEXT: ###cb:userbutton:banuser:122303357

[Sunday, 07 August 2016 at 02:38:15]
ERROR: plugins/banhammer.lua:45: attempt to index field 'nick' (a nil value)
FROM: 5102488
CHAT: -1001067839689
TEXT: /banlist

[Sunday, 07 August 2016 at 04:17:23]
ERROR: /usr/local/share/lua/5.2/socket/url.lua:31: bad argument #1 to 'gsub' (string expected, got boolean)
FROM: 99996737
CHAT: -1001059174638
TEXT: ###cb:userbutton:banuser:262401290

[Sunday, 07 August 2016 at 12:01:09]
ERROR: plugins/banhammer.lua:45: attempt to index field 'nick' (a nil value)
FROM: 219307130
CHAT: -1001024977045
TEXT: /banlist

[Sunday, 07 August 2016 at 14:48:49]
ERROR: /usr/local/share/lua/5.2/socket/url.lua:31: bad argument #1 to 'gsub' (string expected, got boolean)
FROM: 232165919
CHAT: -1001066770116
TEXT: ###cb:userbutton:banuser:104026041

[Sunday, 07 August 2016 at 14:48:57]
ERROR: /usr/local/share/lua/5.2/socket/url.lua:31: bad argument #1 to 'gsub' (string expected, got boolean)
FROM: 232165919
CHAT: -1001066770116
TEXT: ###cb:userbutton:banuser:104026041

[Sunday, 07 August 2016 at 15:41:23]
ERROR: /usr/local/share/lua/5.2/socket/url.lua:31: bad argument #1 to 'gsub' (string expected, got boolean)
FROM: 255638100
CHAT: -1001068773976
TEXT: ###cb:userbutton:banuser:260192616

[Sunday, 07 August 2016 at 16:38:17]
ERROR: plugins/banhammer.lua:45: attempt to index field 'nick' (a nil value)
FROM: 186888408
CHAT: -1001067839689
TEXT: /banlist

[Sunday, 07 August 2016 at 18:07:02]
ERROR: /usr/local/share/lua/5.2/socket/url.lua:31: bad argument #1 to 'gsub' (string expected, got boolean)
FROM: 232165919
CHAT: -1001066770116
TEXT: ###cb:userbutton:banuser:234324408

[Sunday, 07 August 2016 at 18:08:24]
ERROR: /usr/local/share/lua/5.2/socket/url.lua:31: bad argument #1 to 'gsub' (string expected, got boolean)
FROM: 107806555
CHAT: -1001066770116
TEXT: ###cb:userbutton:banuser:234324408

[Sunday, 07 August 2016 at 22:30:03]
ERROR: /usr/local/share/lua/5.2/socket/url.lua:31: bad argument #1 to 'gsub' (string expected, got boolean)
FROM: 232165919
CHAT: -1001066770116
TEXT: ###cb:userbutton:banuser:84319358

[Sunday, 07 August 2016 at 22:30:21]
ERROR: /usr/local/share/lua/5.2/socket/url.lua:31: bad argument #1 to 'gsub' (string expected, got boolean)
FROM: 232165919
CHAT: -1001066770116
TEXT: ###cb:userbutton:banuser:84319358

[Monday, 08 August 2016 at 12:01:16]
ERROR: /usr/local/share/lua/5.2/socket/url.lua:31: bad argument #1 to 'gsub' (string expected, got boolean)
FROM: 232165919
CHAT: -1001055642658
TEXT: ###cb:userbutton:banuser:201968322

[Monday, 08 August 2016 at 12:01:23]
ERROR: /usr/local/share/lua/5.2/socket/url.lua:31: bad argument #1 to 'gsub' (string expected, got boolean)
FROM: 140660762
CHAT: -1001055642658
TEXT: ###cb:userbutton:banuser:201968322

[Monday, 08 August 2016 at 12:01:23]
ERROR: /usr/local/share/lua/5.2/socket/url.lua:31: bad argument #1 to 'gsub' (string expected, got boolean)
FROM: 140660762
CHAT: -1001055642658
TEXT: ###cb:userbutton:banuser:201968322

[Monday, 08 August 2016 at 12:01:24]
ERROR: /usr/local/share/lua/5.2/socket/url.lua:31: bad argument #1 to 'gsub' (string expected, got boolean)
FROM: 140660762
CHAT: -1001055642658
TEXT: ###cb:userbutton:banuser:201968322

[Monday, 08 August 2016 at 12:01:25]
ERROR: /usr/local/share/lua/5.2/socket/url.lua:31: bad argument #1 to 'gsub' (string expected, got boolean)
FROM: 140660762
CHAT: -1001055642658
TEXT: ###cb:userbutton:banuser:201968322

[Monday, 08 August 2016 at 12:52:54]
ERROR: /usr/local/share/lua/5.2/socket/url.lua:31: bad argument #1 to 'gsub' (string expected, got boolean)
FROM: 61512381
CHAT: -1001066770116
TEXT: ###cb:userbutton:banuser:90884270

[Monday, 08 August 2016 at 12:53:10]
ERROR: /usr/local/share/lua/5.2/socket/url.lua:31: bad argument #1 to 'gsub' (string expected, got boolean)
FROM: 30442941
CHAT: -1001066770116
TEXT: ###cb:userbutton:banuser:90884270

[Monday, 08 August 2016 at 12:53:20]
ERROR: /usr/local/share/lua/5.2/socket/url.lua:31: bad argument #1 to 'gsub' (string expected, got boolean)
FROM: 61512381
CHAT: -1001066770116
TEXT: ###cb:userbutton:banuser:90884270

[Monday, 08 August 2016 at 12:53:27]
ERROR: /usr/local/share/lua/5.2/socket/url.lua:31: bad argument #1 to 'gsub' (string expected, got boolean)
FROM: 61512381
CHAT: -1001066770116
TEXT: ###cb:userbutton:banuser:90884270

[Monday, 08 August 2016 at 12:53:28]
ERROR: /usr/local/share/lua/5.2/socket/url.lua:31: bad argument #1 to 'gsub' (string expected, got boolean)
FROM: 61512381
CHAT: -1001066770116
TEXT: ###cb:userbutton:banuser:90884270

[Monday, 08 August 2016 at 12:53:28]
ERROR: /usr/local/share/lua/5.2/socket/url.lua:31: bad argument #1 to 'gsub' (string expected, got boolean)
FROM: 61512381
CHAT: -1001066770116
TEXT: ###cb:userbutton:banuser:90884270

[Monday, 08 August 2016 at 12:53:29]
ERROR: /usr/local/share/lua/5.2/socket/url.lua:31: bad argument #1 to 'gsub' (string expected, got boolean)
FROM: 61512381
CHAT: -1001066770116
TEXT: ###cb:userbutton:banuser:90884270

[Monday, 08 August 2016 at 12:53:30]
ERROR: /usr/local/share/lua/5.2/socket/url.lua:31: bad argument #1 to 'gsub' (string expected, got boolean)
FROM: 61512381
CHAT: -1001066770116
TEXT: ###cb:userbutton:banuser:90884270

[Monday, 08 August 2016 at 12:53:33]
ERROR: /usr/local/share/lua/5.2/socket/url.lua:31: bad argument #1 to 'gsub' (string expected, got boolean)
FROM: 61512381
CHAT: -1001066770116
TEXT: ###cb:userbutton:banuser:90884270

[Monday, 08 August 2016 at 12:53:34]
ERROR: /usr/local/share/lua/5.2/socket/url.lua:31: bad argument #1 to 'gsub' (string expected, got boolean)
FROM: 61512381
CHAT: -1001066770116
TEXT: ###cb:userbutton:banuser:90884270

[Monday, 08 August 2016 at 12:53:34]
ERROR: /usr/local/share/lua/5.2/socket/url.lua:31: bad argument #1 to 'gsub' (string expected, got boolean)
FROM: 61512381
CHAT: -1001066770116
TEXT: ###cb:userbutton:banuser:90884270

[Monday, 08 August 2016 at 12:53:35]
ERROR: /usr/local/share/lua/5.2/socket/url.lua:31: bad argument #1 to 'gsub' (string expected, got boolean)
FROM: 61512381
CHAT: -1001066770116
TEXT: ###cb:userbutton:banuser:90884270

[Monday, 08 August 2016 at 12:53:36]
ERROR: /usr/local/share/lua/5.2/socket/url.lua:31: bad argument #1 to 'gsub' (string expected, got boolean)
FROM: 61512381
CHAT: -1001066770116
TEXT: ###cb:userbutton:banuser:90884270

[Monday, 08 August 2016 at 12:53:52]
ERROR: /usr/local/share/lua/5.2/socket/url.lua:31: bad argument #1 to 'gsub' (string expected, got boolean)
FROM: 79567506
CHAT: -1001066770116
TEXT: ###cb:userbutton:banuser:90884270

[Monday, 08 August 2016 at 12:54:18]
ERROR: /usr/local/share/lua/5.2/socket/url.lua:31: bad argument #1 to 'gsub' (string expected, got boolean)
FROM: 79567506
CHAT: -1001066770116
TEXT: ###cb:userbutton:banuser:90884270

[Monday, 08 August 2016 at 19:32:05]
ERROR: /usr/local/share/lua/5.2/socket/url.lua:31: bad argument #1 to 'gsub' (string expected, got boolean)
FROM: 255026217
CHAT: -1001058441713
TEXT: ###cb:userbutton:banuser:261087266

[Tuesday, 09 August 2016 at 10:14:25]
ERROR: plugins/banhammer.lua:45: attempt to index field 'nick' (a nil value)
FROM: 186888408
CHAT: -1001067839689
TEXT: /banlist

[Tuesday, 09 August 2016 at 10:35:32]
ERROR: ./methods.lua:34: attempt to index local 'tab' (a nil value)
FROM: 32680803
CHAT: -1001060486754
TEXT: ###added

[Tuesday, 09 August 2016 at 13:39:39]
ERROR: /usr/local/share/lua/5.2/socket/url.lua:31: bad argument #1 to 'gsub' (string expected, got boolean)
FROM: 61512381
CHAT: -1001066770116
TEXT: ###cb:userbutton:banuser:184049302

[Tuesday, 09 August 2016 at 13:39:45]
ERROR: /usr/local/share/lua/5.2/socket/url.lua:31: bad argument #1 to 'gsub' (string expected, got boolean)
FROM: 79567506
CHAT: -1001066770116
TEXT: ###cb:userbutton:banuser:184049302

[Wednesday, 10 August 2016 at 14:37:34]
ERROR: plugins/banhammer.lua:45: attempt to index field 'nick' (a nil value)
FROM: 186008741
CHAT: -1001067839689
TEXT: /banlist

[Wednesday, 10 August 2016 at 14:39:27]
ERROR: plugins/banhammer.lua:45: attempt to index field 'nick' (a nil value)
FROM: 125384720
CHAT: -1001067839689
TEXT: /banlist

[Wednesday, 10 August 2016 at 14:42:54]
ERROR: plugins/banhammer.lua:45: attempt to index field 'nick' (a nil value)
FROM: 125384720
CHAT: -1001067839689
TEXT: /banlist

[Wednesday, 10 August 2016 at 14:49:16]
ERROR: plugins/banhammer.lua:45: attempt to index field 'nick' (a nil value)
FROM: 23776848
CHAT: -1001067839689
TEXT: /banlist

[Thursday, 11 August 2016 at 10:46:34]
ERROR: /usr/local/share/lua/5.2/socket/url.lua:31: bad argument #1 to 'gsub' (string expected, got boolean)
FROM: 111331893
CHAT: -1001059174638
TEXT: ###cb:userbutton:banuser:201255633

[Thursday, 11 August 2016 at 23:04:30]
ERROR: /usr/local/share/lua/5.2/socket/url.lua:31: bad argument #1 to 'gsub' (string expected, got boolean)
FROM: 111331893
CHAT: -1001059174638
TEXT: ###cb:userbutton:banuser:179977731

[Friday, 12 August 2016 at 00:22:21]
ERROR: /usr/local/share/lua/5.2/socket/url.lua:31: bad argument #1 to 'gsub' (string expected, got boolean)
FROM: 92098072
CHAT: -1001066770116
TEXT: ###cb:userbutton:banuser:259985102

[Friday, 12 August 2016 at 00:22:25]
ERROR: /usr/local/share/lua/5.2/socket/url.lua:31: bad argument #1 to 'gsub' (string expected, got boolean)
FROM: 107806555
CHAT: -1001066770116
TEXT: ###cb:userbutton:banuser:259985102

[Friday, 12 August 2016 at 10:26:57]
ERROR: ./methods.lua:34: attempt to index local 'tab' (a nil value)
FROM: 248557320
CHAT: -1001067839689
TEXT: ###added

[Friday, 12 August 2016 at 13:52:22]
ERROR: ./methods.lua:34: attempt to index local 'tab' (a nil value)
FROM: 263716410
CHAT: -1001076536273
TEXT: /welcome Hello and welcome! Do check the rules. You can start to lynch as soon as you want! 🙂

[Friday, 12 August 2016 at 13:55:29]
ERROR: /usr/local/share/lua/5.2/ssl/https.lua:65: interrupted!
FROM: 222161688
CHAT: 222161688
TEXT: ###cb:!warns

[Friday, 12 August 2016 at 16:32:04]
ERROR: plugins/banhammer.lua:45: attempt to index field 'nick' (a nil value)
FROM: 223976957
CHAT: -1001067839689
TEXT: /banlist

[Friday, 12 August 2016 at 17:27:19]
ERROR: plugins/banhammer.lua:45: attempt to index field 'nick' (a nil value)
FROM: 223976957
CHAT: -1001067839689
TEXT: /banlist

[Friday, 12 August 2016 at 17:31:12]
ERROR: plugins/banhammer.lua:45: attempt to index field 'nick' (a nil value)
FROM: 198279039
CHAT: -1001024977045
TEXT: /banlist

[Friday, 12 August 2016 at 17:31:30]
ERROR: plugins/banhammer.lua:45: attempt to index field 'nick' (a nil value)
FROM: 125311351
CHAT: -1001067839689
TEXT: /banlist

[Friday, 12 August 2016 at 18:56:51]
ERROR: /usr/local/share/lua/5.2/socket/url.lua:31: bad argument #1 to 'gsub' (string expected, got boolean)
FROM: 134864141
CHAT: -1001059696334
TEXT: ###cb:userbutton:banuser:233707715

[Friday, 12 August 2016 at 18:56:56]
ERROR: /usr/local/share/lua/5.2/socket/url.lua:31: bad argument #1 to 'gsub' (string expected, got boolean)
FROM: 134864141
CHAT: -1001059696334
TEXT: ###cb:userbutton:banuser:233707715

[Saturday, 13 August 2016 at 13:29:48]
ERROR: /usr/local/share/lua/5.2/socket/url.lua:31: bad argument #1 to 'gsub' (string expected, got boolean)
FROM: 262550026
CHAT: -1001058441713
TEXT: ###cb:userbutton:banuser:176266501

[Sunday, 14 August 2016 at 07:29:21]
ERROR: plugins/all.lua:241: attempt to index local 'text' (a nil value)
FROM: 197827433
CHAT: 197827433
TEXT: ###cb:menu:Rtl:-1001057427061

[Sunday, 14 August 2016 at 10:22:01]
ERROR: ./methods.lua:34: attempt to index local 'tab' (a nil value)
FROM: 209535610
CHAT: -1001067024604
TEXT: ###added

[Monday, 15 August 2016 at 09:17:34]
ERROR: plugins/banhammer.lua:45: attempt to index field 'nick' (a nil value)
FROM: 199377207
CHAT: -1001052073624
TEXT: /banlist

[Monday, 15 August 2016 at 20:06:53]
ERROR: plugins/banhammer.lua:45: attempt to index field 'nick' (a nil value)
FROM: 199377207
CHAT: -1001052073624
TEXT: /banlist

[Friday, 19 August 2016 at 20:06:03]
ERROR: utilities.lua:587: attempt to concatenate field '?' (a nil value)
FROM: 224899647
CHAT: 224899647
TEXT: ###cb:dashboard:settings:-1001067729526

[Friday, 19 August 2016 at 20:06:21]
ERROR: utilities.lua:587: attempt to concatenate field '?' (a nil value)
FROM: 224899647
CHAT: 224899647
TEXT: ###cb:dashboard:settings:-1001067729526

[Friday, 19 August 2016 at 20:09:03]
ERROR: /usr/local/share/lua/5.2/redis.lua:380: redis error: ERR Background save already in progress
FROM: 125311351
CHAT: -1001058375390
TEXT: /asave

[Friday, 19 August 2016 at 20:14:11]
ERROR: plugins/banhammer.lua:21: bad argument #1 to 'gmatch' (string expected, got nil)
FROM: 125311351
CHAT: -1001030085238
TEXT: /banlist

[Friday, 19 August 2016 at 20:16:43]
ERROR: plugins/banhammer.lua:27: attempt to call field 'setn' (a nil value)
FROM: 125311351
CHAT: -1001030085238
TEXT: /banlist

[Friday, 19 August 2016 at 20:18:24]
ERROR: plugins/banhammer.lua:28: attempt to call field 'setn' (a nil value)
FROM: 125311351
CHAT: -1001030085238
TEXT: /banlist

[Friday, 19 August 2016 at 20:21:48]
ERROR: plugins/banhammer.lua:115: attempt to call field 'getn' (a nil value)
FROM: 125311351
CHAT: -1001030085238
TEXT: /banlist

[Friday, 19 August 2016 at 20:24:32]
ERROR: /usr/local/share/lua/5.2/socket/url.lua:31: bad argument #1 to 'gsub' (string expected, got nil)
FROM: 125311351
CHAT: -1001030085238
TEXT: /banlist

[Friday, 19 August 2016 at 20:26:26]
ERROR: /usr/local/share/lua/5.2/socket/url.lua:31: bad argument #1 to 'gsub' (string expected, got nil)
FROM: 125311351
CHAT: -1001030085238
TEXT: /banlist

[Friday, 19 August 2016 at 20:30:16]
ERROR: /usr/local/share/lua/5.2/socket/url.lua:31: bad argument #1 to 'gsub' (string expected, got nil)
FROM: 125311351
CHAT: -1001030085238
TEXT: /banlist

[Friday, 19 August 2016 at 20:36:19]
ERROR: /usr/local/share/lua/5.2/socket/url.lua:31: bad argument #1 to 'gsub' (string expected, got nil)
FROM: 125311351
CHAT: -1001030085238
TEXT: /banlist

[Friday, 19 August 2016 at 20:39:24]
ERROR: plugins/banhammer.lua:134: 'then' expected near 'local'
FROM: 125311351
CHAT: -1001094614730
TEXT: /ainit

[Friday, 19 August 2016 at 20:42:13]
ERROR: plugins/banhammer.lua:26: attempt to concatenate local 'text' (a nil value)
FROM: 125311351
CHAT: -1001030085238
TEXT: /banlist

[Friday, 19 August 2016 at 20:48:03]
ERROR: utilities.lua:587: attempt to concatenate field '?' (a nil value)
FROM: 224899647
CHAT: 224899647
TEXT: ###cb:dashboard:settings:-1001067729526

[Friday, 19 August 2016 at 21:27:18]
ERROR: plugins/banhammer.lua:257: attempt to index global 'info' (a nil value)
FROM: 125311351
CHAT: -1001030085238
TEXT: /ban

[Friday, 19 August 2016 at 21:30:22]
ERROR: /usr/local/share/lua/5.2/redis.lua:380: redis error: ERR wrong number of arguments for 'hdel' command
FROM: 125311351
CHAT: -1001030085238
TEXT: /ban

[Saturday, 20 August 2016 at 04:38:50]
ERROR: utilities.lua:589: attempt to concatenate field '?' (a nil value)
FROM: 244953873
CHAT: 244953873
TEXT: ###cb:dashboard:settings:-1001079942721

[Saturday, 20 August 2016 at 08:27:14]
ERROR: utilities.lua:589: attempt to concatenate field '?' (a nil value)
FROM: 261996891
CHAT: 261996891
TEXT: ###cb:dashboard:settings:-1001064461363

[Saturday, 20 August 2016 at 08:27:23]
ERROR: utilities.lua:589: attempt to concatenate field '?' (a nil value)
FROM: 261996891
CHAT: 261996891
TEXT: ###cb:dashboard:settings:-1001064461363

[Saturday, 20 August 2016 at 19:19:03]
ERROR: utilities.lua:587: attempt to concatenate field '?' (a nil value)
FROM: 213679181
CHAT: 213679181
TEXT: ###cb:dashboard:settings:-1001052326089

[Saturday, 20 August 2016 at 19:19:09]
ERROR: utilities.lua:587: attempt to concatenate field '?' (a nil value)
FROM: 213679181
CHAT: 213679181
TEXT: ###cb:dashboard:settings:-1001052326089

[Saturday, 20 August 2016 at 19:22:09]
ERROR: utilities.lua:587: attempt to concatenate field '?' (a nil value)
FROM: 213679181
CHAT: 213679181
TEXT: ###cb:dashboard:settings:-1001052326089

[Saturday, 20 August 2016 at 19:26:15]
ERROR: utilities.lua:587: attempt to concatenate field '?' (a nil value)
FROM: 213679181
CHAT: 213679181
TEXT: ###cb:dashboard:settings:-1001052326089

[Sunday, 21 August 2016 at 09:12:08]
ERROR: plugins/banhammer.lua:69: attempt to index field 'nick' (a nil value)
FROM: 134864141
CHAT: -1001060744871
TEXT: /banlist

[Sunday, 21 August 2016 at 09:12:19]
ERROR: plugins/banhammer.lua:69: attempt to index field 'nick' (a nil value)
FROM: 134864141
CHAT: -1001060744871
TEXT: /banlist

[Sunday, 21 August 2016 at 13:06:08]
ERROR: plugins/admin.lua:873: 'end' expected (to close 'function' at line 131) near <eof>
FROM: 125311351
CHAT: -1001094155678
TEXT: /ainit

[Sunday, 21 August 2016 at 14:03:56]
ERROR: plugins/banhammer.lua:69: attempt to index field 'nick' (a nil value)
FROM: 134864141
CHAT: -1001060744871
TEXT: /banlist

[Sunday, 21 August 2016 at 14:11:14]
ERROR: plugins/banhammer.lua:261: unexpected symbol near '..'
FROM: 125311351
CHAT: -1001030085238
TEXT: /ainit

[Sunday, 21 August 2016 at 17:43:27]
ERROR: plugins/users.lua:447: ')' expected (to close '(' at line 446) near 'end'
FROM: 125311351
CHAT: -1001094155678
TEXT: /ainit

[Sunday, 21 August 2016 at 18:52:42]
ERROR: plugins/users.lua:446: malformed number near '60..'
FROM: 125311351
CHAT: 125311351
TEXT: /ainit

[Sunday, 21 August 2016 at 19:16:29]
ERROR: /usr/local/share/lua/5.2/redis.lua:380: redis error: WRONGTYPE Operation against a key holding the wrong kind of value
FROM: 125311351
CHAT: -1001094155678
TEXT: /adbdump chat:-1001030085238:bannedlist

[Sunday, 21 August 2016 at 19:17:37]
ERROR: /usr/local/share/lua/5.2/redis.lua:380: redis error: WRONGTYPE Operation against a key holding the wrong kind of value
FROM: 125311351
CHAT: -1001094155678
TEXT: /adbdump chat:-1001030085238:rules

[Sunday, 21 August 2016 at 19:33:04]
ERROR: utilities.lua:167: attempt to index local 'f' (a nil value)
FROM: 125311351
CHAT: -1001060459290
TEXT: /adbdump user:95890871

[Sunday, 21 August 2016 at 19:33:19]
ERROR: utilities.lua:167: attempt to index local 'f' (a nil value)
FROM: 125311351
CHAT: -1001060459290
TEXT: /adbdump ban:95890871

[Monday, 22 August 2016 at 00:23:27]
ERROR: plugins/all.lua:241: attempt to index local 'text' (a nil value)
FROM: 253160657
CHAT: 253160657
TEXT: ###cb:menu:Extra:-160790493

[Monday, 22 August 2016 at 08:46:10]
ERROR: plugins/banhammer.lua:69: attempt to index field 'nick' (a nil value)
FROM: 233707715
CHAT: -1001052073624
TEXT: /banlist

[Monday, 22 August 2016 at 11:38:55]
ERROR: utilities.lua:589: attempt to concatenate field '?' (a nil value)
FROM: 213679181
CHAT: 213679181
TEXT: ###cb:dashboard:settings:-1001052326089

[Monday, 22 August 2016 at 11:38:56]
ERROR: utilities.lua:589: attempt to concatenate field '?' (a nil value)
FROM: 213679181
CHAT: 213679181
TEXT: ###cb:dashboard:settings:-1001052326089

[Monday, 22 August 2016 at 15:52:35]
ERROR: ./methods.lua:34: attempt to index local 'tab' (a nil value)
FROM: 267978620
CHAT: -1001080746937
TEXT: /support@werewolfbutlerbot

[Tuesday, 23 August 2016 at 10:12:43]
ERROR: /usr/local/share/lua/5.2/redis.lua:380: redis error: WRONGTYPE Operation against a key holding the wrong kind of value
FROM: 125311351
CHAT: -1001094155678
TEXT: /adbdump chat:-1001030085238:bannedlist

[Tuesday, 23 August 2016 at 13:23:20]
ERROR: plugins/floodmanager.lua:154: 'end' expected (to close 'function' at line 58) near <eof>
FROM: 125311351
CHAT: -1001059174638
TEXT: /ainit

[Tuesday, 23 August 2016 at 13:53:40]
ERROR: plugins/banhammer.lua:69: attempt to index field 'nick' (a nil value)
FROM: 197660237
CHAT: -1001060744871
TEXT: /banlist

[Tuesday, 23 August 2016 at 13:54:24]
ERROR: plugins/banhammer.lua:69: attempt to index field 'nick' (a nil value)
FROM: 197660237
CHAT: -1001060744871
TEXT: /banlist

[Tuesday, 23 August 2016 at 14:08:59]
ERROR: plugins/admin.lua:436: attempt to call global 'is_blocked' (a nil value)
FROM: 125311351
CHAT: -1001094155678
TEXT: /aisblocked

[Tuesday, 23 August 2016 at 14:09:30]
ERROR: plugins/admin.lua:436: attempt to call global 'is_blocked' (a nil value)
FROM: 125311351
CHAT: -1001094155678
TEXT: /aisblocked

[Tuesday, 23 August 2016 at 14:29:40]
ERROR: plugins/admin.lua:528: attempt to concatenate local 'res' (a boolean value)
FROM: 125311351
CHAT: -1001094155678
TEXT: /asend 176122518 Test

[Wednesday, 24 August 2016 at 06:50:47]
ERROR: plugins/banhammer.lua:69: attempt to index field 'nick' (a nil value)
FROM: 233707715
CHAT: -1001052073624
TEXT: /banlist

[Wednesday, 24 August 2016 at 19:44:48]
ERROR: /usr/local/share/lua/5.2/socket/url.lua:31: bad argument #1 to 'gsub' (string expected, got boolean)
FROM: 237459202
CHAT: -1001056442101
TEXT: ###cb:userbutton:banuser:223728778

[Wednesday, 24 August 2016 at 19:44:59]
ERROR: /usr/local/share/lua/5.2/socket/url.lua:31: bad argument #1 to 'gsub' (string expected, got boolean)
FROM: 237459202
CHAT: -1001056442101
TEXT: ###cb:userbutton:banuser:223728778

[Thursday, 25 August 2016 at 13:21:50]
ERROR: /usr/local/share/lua/5.2/socket/url.lua:31: bad argument #1 to 'gsub' (string expected, got nil)
FROM: 125311351
CHAT: -1001094155678
TEXT: /aping redis

[Thursday, 25 August 2016 at 13:23:14]
ERROR: plugins/admin.lua:95: attempt to call a nil value
FROM: 125311351
CHAT: -1001094155678
TEXT: /arediscli ping

[Thursday, 25 August 2016 at 13:23:26]
ERROR: plugins/admin.lua:95: attempt to call a nil value
FROM: 125311351
CHAT: 125311351
TEXT: /arediscli ban

[Thursday, 25 August 2016 at 13:59:15]
ERROR: utilities.lua:589: attempt to concatenate field '?' (a nil value)
FROM: 213679181
CHAT: 213679181
TEXT: ###cb:dashboard:settings:-1001052326089

[Friday, 26 August 2016 at 06:55:56]
ERROR: /usr/local/share/lua/5.2/socket/url.lua:31: bad argument #1 to 'gsub' (string expected, got boolean)
FROM: 252475797
CHAT: -1001082901970
TEXT: ###cb:userbutton:banuser:225325578

[Friday, 26 August 2016 at 06:56:04]
ERROR: /usr/local/share/lua/5.2/socket/url.lua:31: bad argument #1 to 'gsub' (string expected, got boolean)
FROM: 252475797
CHAT: -1001082901970
TEXT: ###cb:userbutton:banuser:225325578

[Friday, 26 August 2016 at 06:56:04]
ERROR: /usr/local/share/lua/5.2/socket/url.lua:31: bad argument #1 to 'gsub' (string expected, got boolean)
FROM: 252475797
CHAT: -1001082901970
TEXT: ###cb:userbutton:banuser:225325578

[Friday, 26 August 2016 at 07:03:54]
ERROR: /usr/local/share/lua/5.2/socket/url.lua:31: bad argument #1 to 'gsub' (string expected, got boolean)
FROM: 255819934
CHAT: -1001082901970
TEXT: ###cb:userbutton:banuser:225325578

[Saturday, 27 August 2016 at 09:24:14]
ERROR: plugins/help.lua:84: '}' expected (to close '{' at line 82) near '{'
FROM: 125311351
CHAT: 125311351
TEXT: /ainit

[Saturday, 27 August 2016 at 21:33:43]
ERROR: /usr/local/share/lua/5.2/redis.lua:380: redis error: ERR Background save already in progress
FROM: 125311351
CHAT: -1001056443835
TEXT: /asave

[Saturday, 27 August 2016 at 22:08:28]
ERROR: /usr/local/share/lua/5.2/redis.lua:380: redis error: ERR Background save already in progress
FROM: 125311351
CHAT: -1001056443835
TEXT: /asave

[Saturday, 27 August 2016 at 22:20:10]
ERROR: plugins/service.lua:25: attempt to concatenate local 'isMedia' (a nil value)
FROM: 117691344
CHAT: -1001077717923
TEXT: ###added

[Saturday, 27 August 2016 at 22:20:20]
ERROR: plugins/service.lua:25: attempt to concatenate local 'isMedia' (a nil value)
FROM: 96487504
CHAT: -1001056443835
TEXT: ###added

[Saturday, 27 August 2016 at 22:20:34]
ERROR: plugins/service.lua:25: attempt to concatenate local 'isMedia' (a nil value)
FROM: 222758828
CHAT: -1001027591425
TEXT: ###added

[Saturday, 27 August 2016 at 22:20:41]
ERROR: plugins/service.lua:25: attempt to concatenate local 'isMedia' (a nil value)
FROM: 249386106
CHAT: -1001059174638
TEXT: ###added

[Saturday, 27 August 2016 at 22:20:44]
ERROR: plugins/service.lua:25: attempt to concatenate local 'isMedia' (a nil value)
FROM: 265002860
CHAT: -1001059174638
TEXT: ###added

[Saturday, 27 August 2016 at 22:20:57]
ERROR: plugins/service.lua:25: attempt to concatenate local 'isMedia' (a nil value)
FROM: 187239776
CHAT: -1001081536494
TEXT: ###added

[Saturday, 27 August 2016 at 22:20:58]
ERROR: plugins/service.lua:25: attempt to concatenate local 'isMedia' (a nil value)
FROM: 103125479
CHAT: -1001090029117
TEXT: ###added

[Saturday, 27 August 2016 at 22:21:21]
ERROR: plugins/service.lua:25: attempt to concatenate local 'isMedia' (a nil value)
FROM: 244070503
CHAT: -1001030085238
TEXT: ###added

[Saturday, 27 August 2016 at 22:21:29]
ERROR: plugins/service.lua:25: attempt to concatenate local 'isMedia' (a nil value)
FROM: 136911922
CHAT: -1001074074267
TEXT: ###added

[Saturday, 27 August 2016 at 22:21:36]
ERROR: plugins/service.lua:25: attempt to concatenate local 'isMedia' (a nil value)
FROM: 227033582
CHAT: -1001024977045
TEXT: ###added

[Saturday, 27 August 2016 at 22:21:48]
ERROR: plugins/service.lua:25: attempt to concatenate local 'isMedia' (a nil value)
FROM: 91654632
CHAT: -1001058338842
TEXT: ###added

[Saturday, 27 August 2016 at 22:21:50]
ERROR: plugins/service.lua:25: attempt to concatenate local 'isMedia' (a nil value)
FROM: 162355148
CHAT: -1001033692670
TEXT: ###added

[Saturday, 27 August 2016 at 22:22:39]
ERROR: plugins/service.lua:25: attempt to concatenate local 'isMedia' (a nil value)
FROM: 131238392
CHAT: -1001059174638
TEXT: ###added

[Saturday, 27 August 2016 at 22:22:43]
ERROR: plugins/service.lua:25: attempt to concatenate local 'isMedia' (a nil value)
FROM: 213615371
CHAT: -1001059174638
TEXT: ###added

[Saturday, 27 August 2016 at 22:22:44]
ERROR: plugins/service.lua:25: attempt to concatenate local 'isMedia' (a nil value)
FROM: 247830691
CHAT: -1001059174638
TEXT: ###added

[Saturday, 27 August 2016 at 22:22:53]
ERROR: plugins/service.lua:25: attempt to concatenate local 'isMedia' (a nil value)
FROM: 213543334
CHAT: -1001059174638
TEXT: ###added

[Saturday, 27 August 2016 at 22:22:55]
ERROR: plugins/service.lua:25: attempt to concatenate local 'isMedia' (a nil value)
FROM: 214473301
CHAT: -1001024977045
TEXT: ###added

[Saturday, 27 August 2016 at 22:23:58]
ERROR: plugins/service.lua:25: attempt to concatenate local 'isMedia' (a nil value)
FROM: 79226703
CHAT: -1001090029117
TEXT: ###added

[Saturday, 27 August 2016 at 22:24:02]
ERROR: plugins/service.lua:25: attempt to concatenate local 'isMedia' (a nil value)
FROM: 192470697
CHAT: -1001054049601
TEXT: ###added

[Saturday, 27 August 2016 at 22:24:04]
ERROR: plugins/service.lua:25: attempt to concatenate local 'isMedia' (a nil value)
FROM: 62010144
CHAT: -1001086545425
TEXT: ###added

[Saturday, 27 August 2016 at 22:24:12]
ERROR: plugins/service.lua:25: attempt to concatenate local 'isMedia' (a nil value)
FROM: 133942617
CHAT: -1001052363901
TEXT: ###added

[Saturday, 27 August 2016 at 22:25:01]
ERROR: plugins/service.lua:25: attempt to concatenate local 'isMedia' (a nil value)
FROM: 91654632
CHAT: -1001058338842
TEXT: ###added

[Saturday, 27 August 2016 at 22:25:23]
ERROR: plugins/service.lua:25: attempt to concatenate local 'isMedia' (a nil value)
FROM: 213652612
CHAT: -1001024977045
TEXT: ###added

[Saturday, 27 August 2016 at 22:25:30]
ERROR: plugins/service.lua:25: attempt to concatenate local 'isMedia' (a nil value)
FROM: 208072170
CHAT: -1001058338842
TEXT: ###added

[Saturday, 27 August 2016 at 22:25:40]
ERROR: plugins/service.lua:25: attempt to concatenate local 'isMedia' (a nil value)
FROM: 230340471
CHAT: -1001051890540
TEXT: ###added

[Saturday, 27 August 2016 at 22:27:04]
ERROR: plugins/service.lua:25: attempt to concatenate local 'isMedia' (a nil value)
FROM: 165070141
CHAT: -1001059174638
TEXT: ###added

[Saturday, 27 August 2016 at 22:27:19]
ERROR: plugins/service.lua:25: attempt to concatenate local 'isMedia' (a nil value)
FROM: 153791913
CHAT: -1001024977045
TEXT: ###added

[Saturday, 27 August 2016 at 22:29:16]
ERROR: ./methods.lua:495: attempt to concatenate local 'file_id' (a nil value)
FROM: 269630639
CHAT: -1001053455863
TEXT: ###added

[Saturday, 27 August 2016 at 22:29:58]
ERROR: ./methods.lua:495: attempt to concatenate local 'file_id' (a nil value)
FROM: 190327121
CHAT: -1001061905529
TEXT: ###added

[Saturday, 27 August 2016 at 22:30:10]
ERROR: ./methods.lua:495: attempt to concatenate local 'file_id' (a nil value)
FROM: 171576568
CHAT: -1001059174638
TEXT: ###added

[Saturday, 27 August 2016 at 22:30:11]
ERROR: ./methods.lua:495: attempt to concatenate local 'file_id' (a nil value)
FROM: 94261421
CHAT: -1001059174638
TEXT: ###added

[Saturday, 27 August 2016 at 22:30:30]
ERROR: ./methods.lua:495: attempt to concatenate local 'file_id' (a nil value)
FROM: 66233448
CHAT: -1001052914751
TEXT: ###added

[Sunday, 28 August 2016 at 05:44:16]
ERROR: utilities.lua:589: attempt to concatenate field '?' (a nil value)
FROM: 224899647
CHAT: 224899647
TEXT: ###cb:dashboard:settings:-1001067729526

[Sunday, 28 August 2016 at 09:25:26]
ERROR: utilities.lua:589: attempt to concatenate field '?' (a nil value)
FROM: 241857160
CHAT: 241857160
TEXT: ###cb:dashboard:settings:-1001067729526

[Sunday, 28 August 2016 at 09:27:19]
ERROR: utilities.lua:589: attempt to concatenate field '?' (a nil value)
FROM: 241857160
CHAT: 241857160
TEXT: ###cb:dashboard:settings:-1001067729526

[Sunday, 28 August 2016 at 10:10:24]
ERROR: ./methods.lua:34: attempt to index local 'tab' (a nil value)
FROM: 213562689
CHAT: -1001074846568
TEXT: ###added

[Sunday, 28 August 2016 at 12:04:48]
ERROR: ./methods.lua:34: attempt to index local 'tab' (a nil value)
FROM: 213562689
CHAT: -1001074846568
TEXT: ###added

[Sunday, 28 August 2016 at 15:29:27]
ERROR: /usr/local/share/lua/5.2/redis.lua:380: redis error: ERR Background save already in progress
FROM: 125311351
CHAT: -1001060486754
TEXT: /ainit

[Sunday, 28 August 2016 at 15:30:02]
ERROR: /usr/local/share/lua/5.2/ssl/https.lua:65: interrupted!
FROM: 125311351
CHAT: -1001060486754
TEXT: /asave

[Sunday, 28 August 2016 at 15:37:51]
ERROR: /usr/local/share/lua/5.2/redis.lua:380: redis error: ERR Background save already in progress
FROM: 125311351
CHAT: 125311351
TEXT: /ainit

[Sunday, 28 August 2016 at 15:38:15]
ERROR: plugins/admin.lua:172: attempt to call field 'sendOwner' (a nil value)
FROM: 125311351
CHAT: 125311351
TEXT: /aeditmsg -1001060486754 137937 Pierre sucks

[Sunday, 28 August 2016 at 15:48:32]
ERROR: plugins/service.lua:120: attempt to concatenate field 'first_name' (a nil value)
FROM: 125311351
CHAT: -1001060486754
TEXT: ###added

[Monday, 29 August 2016 at 14:39:51]
ERROR: ./methods.lua:34: attempt to index local 'tab' (a nil value)
FROM: 26945616
CHAT: -1001071551755
TEXT: /menu

[Monday, 29 August 2016 at 16:31:44]
ERROR: plugins/banhammer.lua:69: attempt to index field 'nick' (a nil value)
FROM: 231321007
CHAT: -1001050169602
TEXT: /banlist

[Monday, 29 August 2016 at 16:32:54]
ERROR: plugins/banhammer.lua:69: attempt to index field 'nick' (a nil value)
FROM: 231321007
CHAT: -1001050169602
TEXT: /banlist

[Monday, 29 August 2016 at 16:34:48]
ERROR: plugins/banhammer.lua:69: attempt to index field 'nick' (a nil value)
FROM: 231321007
CHAT: -1001050169602
TEXT: /banlist

[Monday, 29 August 2016 at 21:55:41]
ERROR: ./methods.lua:34: attempt to index local 'tab' (a nil value)
FROM: 255733421
CHAT: -1001054466799
TEXT: /user

[Tuesday, 30 August 2016 at 12:35:34]
ERROR: ./methods.lua:34: attempt to index local 'tab' (a nil value)
FROM: 203979905
CHAT: -1001024977045
TEXT: #karisma

[Tuesday, 30 August 2016 at 15:12:16]
ERROR: ./methods.lua:34: attempt to index local 'tab' (a nil value)
FROM: 42134138
CHAT: -1001057464356
TEXT: /solved

[Tuesday, 30 August 2016 at 15:40:52]
ERROR: plugins/banhammer.lua:69: attempt to index field 'nick' (a nil value)
FROM: 198279039
CHAT: -1001024977045
TEXT: /banlist

[Tuesday, 30 August 2016 at 22:46:22]
ERROR: /usr/local/share/lua/5.2/ssl/https.lua:65: interrupted!
FROM: 199848708
CHAT: 199848708
TEXT: ###cb:!welcome

[Tuesday, 30 August 2016 at 22:46:42]
ERROR: /usr/local/share/lua/5.2/ssl/https.lua:65: interrupted!
FROM: 199848708
CHAT: 199848708
TEXT: ###cb:!welcome

[Tuesday, 30 August 2016 at 22:50:08]
ERROR: /usr/local/share/lua/5.2/ssl/https.lua:92: interrupted!
FROM: 199848708
CHAT: 199848708
TEXT: ###cb:!warns

[Wednesday, 31 August 2016 at 09:17:13]
ERROR: ./methods.lua:32: attempt to index local 'tab' (a nil value)
FROM: 193228623
CHAT: -1001094945792
TEXT: ###added

[Thursday, 01 September 2016 at 06:43:40]
ERROR: /usr/local/share/lua/5.2/socket/url.lua:31: bad argument #1 to 'gsub' (string expected, got boolean)
FROM: 94213590
CHAT: -1001070364947
TEXT: ###cb:userbutton:banuser:121231164

[Friday, 02 September 2016 at 12:43:13]
ERROR: plugins/banhammer.lua:69: attempt to index field 'nick' (a nil value)
FROM: 218056872
CHAT: -1001057873093
TEXT: /banlist

[Friday, 02 September 2016 at 12:43:17]
ERROR: plugins/banhammer.lua:69: attempt to index field 'nick' (a nil value)
FROM: 219387852
CHAT: -1001030085238
TEXT: /banlist

[Friday, 02 September 2016 at 12:44:49]
ERROR: plugins/banhammer.lua:69: attempt to index field 'nick' (a nil value)
FROM: 218056872
CHAT: -1001057873093
TEXT: /banlist

[Friday, 02 September 2016 at 16:36:00]
ERROR: /usr/local/share/lua/5.2/socket/url.lua:31: bad argument #1 to 'gsub' (string expected, got boolean)
FROM: 261432538
CHAT: -1001071925264
TEXT: ###cb:userbutton:banuser:218011713

[Friday, 02 September 2016 at 16:36:01]
ERROR: /usr/local/share/lua/5.2/socket/url.lua:31: bad argument #1 to 'gsub' (string expected, got boolean)
FROM: 261432538
CHAT: -1001071925264
TEXT: ###cb:userbutton:banuser:218011713

[Friday, 02 September 2016 at 16:36:02]
ERROR: /usr/local/share/lua/5.2/socket/url.lua:31: bad argument #1 to 'gsub' (string expected, got boolean)
FROM: 261432538
CHAT: -1001071925264
TEXT: ###cb:userbutton:banuser:218011713

[Friday, 02 September 2016 at 16:36:03]
ERROR: /usr/local/share/lua/5.2/socket/url.lua:31: bad argument #1 to 'gsub' (string expected, got boolean)
FROM: 261432538
CHAT: -1001071925264
TEXT: ###cb:userbutton:banuser:218011713

[Friday, 02 September 2016 at 16:36:28]
ERROR: /usr/local/share/lua/5.2/socket/url.lua:31: bad argument #1 to 'gsub' (string expected, got boolean)
FROM: 261432538
CHAT: -1001071925264
TEXT: ###cb:userbutton:banuser:227203487

[Saturday, 03 September 2016 at 01:12:41]
ERROR: plugins/banhammer.lua:69: attempt to index field 'nick' (a nil value)
FROM: 134864141
CHAT: -1001060744871
TEXT: /banlist

[Saturday, 03 September 2016 at 08:27:41]
ERROR: /usr/local/share/lua/5.2/socket/url.lua:31: bad argument #1 to 'gsub' (string expected, got boolean)
FROM: 269775700
CHAT: -1001089355749
TEXT: ###cb:userbutton:banuser:249191844

[Saturday, 03 September 2016 at 08:28:17]
ERROR: /usr/local/share/lua/5.2/socket/url.lua:31: bad argument #1 to 'gsub' (string expected, got boolean)
FROM: 269775700
CHAT: -1001089355749
TEXT: ###cb:userbutton:banuser:249191844

[Saturday, 03 September 2016 at 11:48:31]
ERROR: plugins/banhammer.lua:69: attempt to index field 'nick' (a nil value)
FROM: 125311351
CHAT: -1001030085238
TEXT: /banlist

[Saturday, 03 September 2016 at 11:48:49]
ERROR: plugins/banhammer.lua:69: attempt to index field 'nick' (a nil value)
FROM: 125311351
CHAT: -1001030085238
TEXT: /banlist

[Saturday, 03 September 2016 at 15:05:25]
ERROR: plugins/banhammer.lua:69: attempt to index field 'nick' (a nil value)
FROM: 213449468
CHAT: -1001030085238
TEXT: /banlist

[Saturday, 03 September 2016 at 21:16:16]
ERROR: ./methods.lua:32: attempt to index local 'tab' (a nil value)
FROM: 133942617
CHAT: -1001087992601
TEXT: #vnmubuangwaktuku

[Saturday, 03 September 2016 at 21:33:47]
ERROR: plugins/banhammer.lua:69: attempt to index field 'nick' (a nil value)
FROM: 199822925
CHAT: -1001060744871
TEXT: /banlist

[Sunday, 04 September 2016 at 07:59:08]
ERROR: /usr/local/share/lua/5.2/socket/url.lua:31: bad argument #1 to 'gsub' (string expected, got boolean)
FROM: 121539659
CHAT: -1001086412903
TEXT: ###cb:userbutton:banuser:121539659

[Sunday, 04 September 2016 at 17:54:26]
ERROR: plugins/banhammer.lua:69: attempt to index field 'nick' (a nil value)
FROM: 233707715
CHAT: -1001052073624
TEXT: /banlist

[Monday, 05 September 2016 at 03:40:37]
ERROR: ./methods.lua:199: attempt to index local 'check' (a boolean value)
FROM: 253146006
CHAT: -1001076099909
TEXT: /kick

[Monday, 05 September 2016 at 09:45:27]
ERROR: plugins/all.lua:241: attempt to index local 'text' (a nil value)
FROM: 228649622
CHAT: 228649622
TEXT: ###cb:menu:Report:-1001059506245

[Monday, 05 September 2016 at 13:28:30]
ERROR: plugins/banhammer.lua:69: attempt to index field 'nick' (a nil value)
FROM: 213449468
CHAT: -1001030085238
TEXT: /banlist

[Monday, 05 September 2016 at 16:13:48]
ERROR: plugins/banhammer.lua:69: attempt to index field 'nick' (a nil value)
FROM: 233707715
CHAT: -1001052073624
TEXT: /banlist

[Monday, 05 September 2016 at 16:14:03]
ERROR: plugins/banhammer.lua:69: attempt to index field 'nick' (a nil value)
FROM: 233707715
CHAT: -1001052073624
TEXT: /banlist

[Tuesday, 06 September 2016 at 02:52:14]
ERROR: utilities.lua:587: attempt to concatenate field '?' (a nil value)
FROM: 213679181
CHAT: 213679181
TEXT: ###cb:dashboard:settings:-1001052326089

[Tuesday, 06 September 2016 at 02:52:38]
ERROR: utilities.lua:587: attempt to concatenate field '?' (a nil value)
FROM: 213679181
CHAT: 213679181
TEXT: ###cb:dashboard:settings:-1001052326089

[Tuesday, 06 September 2016 at 20:29:27]
ERROR: utilities.lua:587: attempt to concatenate field '?' (a nil value)
FROM: 136121761
CHAT: 136121761
TEXT: ###cb:dashboard:settings:-1001036952250

[Wednesday, 07 September 2016 at 15:42:02]
ERROR: plugins/banhammer.lua:69: attempt to index field 'nick' (a nil value)
FROM: 206216598
CHAT: -1001050169602
TEXT: /banlist

[Wednesday, 07 September 2016 at 15:57:48]
ERROR: plugins/banhammer.lua:69: attempt to index field 'nick' (a nil value)
FROM: 231321007
CHAT: -1001050169602
TEXT: /banlist

[Wednesday, 07 September 2016 at 20:09:06]
ERROR: utilities.lua:589: attempt to concatenate field '?' (a nil value)
FROM: 192780586
CHAT: 192780586
TEXT: ###cb:dashboard:settings:-1001080416926

[Wednesday, 07 September 2016 at 20:15:04]
ERROR: utilities.lua:589: attempt to concatenate field '?' (a nil value)
FROM: 192780586
CHAT: 192780586
TEXT: ###cb:dashboard:settings:-1001080416926

[Thursday, 08 September 2016 at 00:40:12]
ERROR: utilities.lua:589: attempt to concatenate field '?' (a nil value)
FROM: 216456486
CHAT: 216456486
TEXT: ###cb:dashboard:settings:-1001080416926

[Thursday, 08 September 2016 at 09:22:09]
ERROR: /usr/local/share/lua/5.2/ssl/https.lua:65: interrupted!
FROM: 192780586
CHAT: -1001089355749
TEXT: /kickme

[Friday, 09 September 2016 at 08:57:13]
ERROR: /usr/local/share/lua/5.2/socket/url.lua:31: bad argument #1 to 'gsub' (string expected, got boolean)
FROM: 215082566
CHAT: -1001060411958
TEXT: ###cb:userbutton:banuser:255733421

[Friday, 09 September 2016 at 09:30:58]
ERROR: ./methods.lua:32: attempt to index local 'tab' (a nil value)
FROM: 90139660
CHAT: -1001060486754
TEXT: ###added

[Saturday, 10 September 2016 at 05:44:44]
ERROR: plugins/banhammer.lua:69: attempt to index field 'nick' (a nil value)
FROM: 233707715
CHAT: -1001052073624
TEXT: /banlist

[Saturday, 10 September 2016 at 10:45:15]
ERROR: /usr/local/share/lua/5.2/redis.lua:380: redis error: ERR Background save already in progress
FROM: 125311351
CHAT: -1001094155678
TEXT: /asave

[Saturday, 10 September 2016 at 10:46:17]
ERROR: plugins/banhammer.lua:282: attempt to call global 'getId' (a nil value)
FROM: 95890871
CHAT: -1001060486754
TEXT: /bananaupyournosetoyourbutt

[Saturday, 10 September 2016 at 10:46:31]
ERROR: plugins/banhammer.lua:282: attempt to call global 'getId' (a nil value)
FROM: 95890871
CHAT: -1001060486754
TEXT: /ban

[Saturday, 10 September 2016 at 10:52:32]
ERROR: plugins/banhammer.lua:240: function arguments expected near ','
FROM: 125311351
CHAT: -1001094155678
TEXT: /ainit

[Saturday, 10 September 2016 at 10:55:47]
ERROR: plugins/banhammer.lua:282: attempt to call global 'getId' (a nil value)
FROM: 192055824
CHAT: -1001024977045
TEXT: /ban

[Saturday, 10 September 2016 at 15:26:52]
ERROR: /usr/local/share/lua/5.2/redis.lua:380: redis error: ERR Background save already in progress
FROM: 125311351
CHAT: -1001094155678
TEXT: /asave

[Saturday, 10 September 2016 at 15:27:31]
ERROR: /usr/local/share/lua/5.2/redis.lua:380: redis error: ERR Background save already in progress
FROM: 125311351
CHAT: -1001094155678
TEXT: /asave

[Saturday, 10 September 2016 at 17:54:44]
ERROR: plugins/banhammer.lua:333: attempt to concatenate field 'id' (a nil value)
FROM: 129046388
CHAT: -1001094155678
TEXT: /getrekt stalking

[Saturday, 10 September 2016 at 17:56:42]
ERROR: plugins/banhammer.lua:333: attempt to concatenate field 'id' (a nil value)
FROM: 125311351
CHAT: -1001094155678
TEXT: /getrekt stalking

[Saturday, 10 September 2016 at 18:17:00]
ERROR: ./methods.lua:119: attempt to concatenate local 'chat_id' (a nil value)
FROM: 125311351
CHAT: -1001094155678
TEXT: /kickid 263451571

[Saturday, 10 September 2016 at 18:17:19]
ERROR: ./methods.lua:119: attempt to concatenate local 'chat_id' (a nil value)
FROM: 263451571
CHAT: -1001094155678
TEXT: /kickid 263451571

[Sunday, 11 September 2016 at 04:09:00]
ERROR: plugins/banhammer.lua:69: attempt to index field 'nick' (a nil value)
FROM: 199377207
CHAT: -1001052073624
TEXT: /banlist

[Monday, 12 September 2016 at 09:51:09]
ERROR: ./methods.lua:526: attempt to concatenate local 'file_id' (a nil value)
FROM: 234565134
CHAT: -1001060744871
TEXT: ###added

[Monday, 12 September 2016 at 09:51:13]
ERROR: ./methods.lua:526: attempt to concatenate local 'file_id' (a nil value)
FROM: 285211771
CHAT: -1001066322131
TEXT: ###added

[Monday, 12 September 2016 at 09:51:38]
ERROR: ./methods.lua:526: attempt to concatenate local 'file_id' (a nil value)
FROM: 200460844
CHAT: -1001054049601
TEXT: ###added

[Monday, 12 September 2016 at 09:52:05]
ERROR: ./methods.lua:526: attempt to concatenate local 'file_id' (a nil value)
FROM: 299930357
CHAT: -1001066322131
TEXT: ###added

[Monday, 12 September 2016 at 09:52:13]
ERROR: ./methods.lua:526: attempt to concatenate local 'file_id' (a nil value)
FROM: 221607638
CHAT: -1001053455863
TEXT: ###added

[Monday, 12 September 2016 at 15:29:58]
ERROR: ./methods.lua:199: attempt to index local 'check' (a boolean value)
FROM: 119576733
CHAT: -1001075054284
TEXT: /kick

[Monday, 12 September 2016 at 20:09:43]
ERROR: ./methods.lua:32: attempt to index local 'tab' (a nil value)
FROM: 201301496
CHAT: -171409683
TEXT: ###added

[Monday, 12 September 2016 at 20:14:15]
ERROR: ./methods.lua:32: attempt to index local 'tab' (a nil value)
FROM: 201301496
CHAT: -171409683
TEXT: ###added

[Tuesday, 13 September 2016 at 15:23:12]
ERROR: utilities.lua:589: attempt to concatenate field '?' (a nil value)
FROM: 213679181
CHAT: 213679181
TEXT: ###cb:dashboard:settings:-1001052326089

[Tuesday, 13 September 2016 at 15:23:16]
ERROR: utilities.lua:589: attempt to concatenate field '?' (a nil value)
FROM: 213679181
CHAT: 213679181
TEXT: ###cb:dashboard:settings:-1001052326089

[Tuesday, 13 September 2016 at 19:38:05]
ERROR: plugins/all.lua:241: attempt to index local 'text' (a nil value)
FROM: 152405503
CHAT: 152405503
TEXT: ###cb:menu:Rules:-176083284

[Wednesday, 14 September 2016 at 09:30:30]
ERROR: ./methods.lua:32: attempt to index local 'tab' (a nil value)
FROM: 201301496
CHAT: -171409683
TEXT: ###added

[Wednesday, 14 September 2016 at 16:43:08]
ERROR: utilities.lua:587: attempt to concatenate field '?' (a nil value)
FROM: 136121761
CHAT: 136121761
TEXT: ###cb:dashboard:settings:-1001036952250

[Wednesday, 14 September 2016 at 16:43:11]
ERROR: utilities.lua:587: attempt to concatenate field '?' (a nil value)
FROM: 136121761
CHAT: 136121761
TEXT: ###cb:dashboard:settings:-1001036952250

[Wednesday, 14 September 2016 at 16:43:13]
ERROR: utilities.lua:587: attempt to concatenate field '?' (a nil value)
FROM: 136121761
CHAT: 136121761
TEXT: ###cb:dashboard:settings:-1001036952250

[Wednesday, 14 September 2016 at 16:43:13]
ERROR: utilities.lua:587: attempt to concatenate field '?' (a nil value)
FROM: 136121761
CHAT: 136121761
TEXT: ###cb:dashboard:settings:-1001036952250

[Wednesday, 14 September 2016 at 17:19:24]
ERROR: plugins/banhammer.lua:69: attempt to index field 'nick' (a nil value)
FROM: 134864141
CHAT: -1001060744871
TEXT: /banlist

[Thursday, 15 September 2016 at 09:22:57]
ERROR: ./methods.lua:32: attempt to index local 'tab' (a nil value)
FROM: 238830610
CHAT: -131252265
TEXT: ###added

[Thursday, 15 September 2016 at 10:13:11]
ERROR: ./methods.lua:32: attempt to index local 'tab' (a nil value)
FROM: 227385107
CHAT: -1001059901847
TEXT: ###added

[Thursday, 15 September 2016 at 11:09:33]
ERROR: ./methods.lua:32: attempt to index local 'tab' (a nil value)
FROM: 291573752
CHAT: -131252265
TEXT: ###added

[Thursday, 15 September 2016 at 12:55:46]
ERROR: ./methods.lua:32: attempt to index local 'tab' (a nil value)
FROM: 238830610
CHAT: -131252265
TEXT: ###added

[Thursday, 15 September 2016 at 15:58:03]
ERROR: ./methods.lua:32: attempt to index local 'tab' (a nil value)
FROM: 238830610
CHAT: -131252265
TEXT: ###added

[Thursday, 15 September 2016 at 16:13:21]
ERROR: plugins/banhammer.lua:69: attempt to index field 'nick' (a nil value)
FROM: 113823656
CHAT: -1001060744871
TEXT: /banlist

[Thursday, 15 September 2016 at 17:40:26]
ERROR: plugins/banhammer.lua:69: attempt to index field 'nick' (a nil value)
FROM: 206216598
CHAT: -1001050169602
TEXT: /banlist

[Saturday, 17 September 2016 at 10:11:14]
ERROR: utilities.lua:589: attempt to concatenate field '?' (a nil value)
FROM: 216456486
CHAT: 216456486
TEXT: ###cb:dashboard:settings:-1001080416926

[Saturday, 17 September 2016 at 13:06:41]
ERROR: ./methods.lua:32: attempt to index local 'tab' (a nil value)
FROM: 241661879
CHAT: -1001059901847
TEXT: ###added

[Sunday, 18 September 2016 at 13:36:00]
ERROR: utilities.lua:589: attempt to concatenate field '?' (a nil value)
FROM: 228598940
CHAT: 228598940
TEXT: ###cb:dashboard:settings:-1001052326089

[Sunday, 18 September 2016 at 13:36:21]
ERROR: utilities.lua:589: attempt to concatenate field '?' (a nil value)
FROM: 228598940
CHAT: 228598940
TEXT: ###cb:dashboard:settings:-1001052326089

[Sunday, 18 September 2016 at 13:36:44]
ERROR: utilities.lua:589: attempt to concatenate field '?' (a nil value)
FROM: 228598940
CHAT: 228598940
TEXT: ###cb:dashboard:settings:-1001052326089

[Sunday, 18 September 2016 at 13:37:25]
ERROR: utilities.lua:589: attempt to concatenate field '?' (a nil value)
FROM: 228598940
CHAT: 228598940
TEXT: ###cb:dashboard:settings:-1001052326089

[Sunday, 18 September 2016 at 13:38:53]
ERROR: utilities.lua:589: attempt to concatenate field '?' (a nil value)
FROM: 228598940
CHAT: 228598940
TEXT: ###cb:dashboard:settings:-1001052326089

[Sunday, 18 September 2016 at 14:57:09]
ERROR: utilities.lua:589: attempt to concatenate field '?' (a nil value)
FROM: 228598940
CHAT: 228598940
TEXT: ###cb:dashboard:settings:-1001052326089

[Sunday, 18 September 2016 at 15:56:37]
ERROR: ./methods.lua:32: attempt to index local 'tab' (a nil value)
FROM: 19122753
CHAT: -1001067901835
TEXT: ###added

[Sunday, 18 September 2016 at 16:54:42]
ERROR: plugins/all.lua:241: attempt to index local 'text' (a nil value)
FROM: 129611726
CHAT: 129611726
TEXT: ###cb:menu:ActionWarn:-142669532

[Sunday, 18 September 2016 at 16:58:39]
ERROR: ./methods.lua:32: attempt to index local 'tab' (a nil value)
FROM: 267969291
CHAT: -166393705
TEXT: ###added

[Sunday, 18 September 2016 at 17:05:09]
ERROR: ./methods.lua:32: attempt to index local 'tab' (a nil value)
FROM: 19122753
CHAT: -1001067901835
TEXT: ###added

[Monday, 19 September 2016 at 03:44:37]
ERROR: plugins/banhammer.lua:69: attempt to index field 'nick' (a nil value)
FROM: 228318860
CHAT: -1001060744871
TEXT: /banlist

[Monday, 19 September 2016 at 04:08:01]
ERROR: utilities.lua:589: attempt to concatenate field '?' (a nil value)
FROM: 213679181
CHAT: 213679181
TEXT: ###cb:dashboard:settings:-1001052326089

[Monday, 19 September 2016 at 07:24:18]
ERROR: plugins/banhammer.lua:69: attempt to index field 'nick' (a nil value)
FROM: 105481088
CHAT: -1001045635733
TEXT: /banlist

[Monday, 19 September 2016 at 13:47:07]
ERROR: ./methods.lua:32: attempt to index local 'tab' (a nil value)
FROM: 238830610
CHAT: -131252265
TEXT: ###added

[Monday, 19 September 2016 at 16:44:37]
ERROR: ./methods.lua:32: attempt to index local 'tab' (a nil value)
FROM: 19122753
CHAT: -1001067901835
TEXT: ###added

[Tuesday, 20 September 2016 at 10:50:21]
ERROR: ./methods.lua:32: attempt to index local 'tab' (a nil value)
FROM: 19122753
CHAT: -1001067901835
TEXT: ###added

[Tuesday, 20 September 2016 at 20:15:47]
ERROR: plugins/banhammer.lua:360: attempt to concatenate global 'user' (a nil value)
FROM: 125311351
CHAT: -1001030085238
TEXT: /getrekt Instagram troll

[Tuesday, 20 September 2016 at 23:26:05]
ERROR: ./methods.lua:32: attempt to index local 'tab' (a nil value)
FROM: 262699418
CHAT: -1001066322131
TEXT: ###added

[Wednesday, 21 September 2016 at 01:37:38]
ERROR: utilities.lua:589: attempt to concatenate field '?' (a nil value)
FROM: 269307403
CHAT: 269307403
TEXT: ###cb:dashboard:settings:-1001080416926

[Wednesday, 21 September 2016 at 04:27:38]
ERROR: utilities.lua:589: attempt to concatenate field '?' (a nil value)
FROM: 202596520
CHAT: 202596520
TEXT: ###cb:dashboard:settings:-1001080416926

[Wednesday, 21 September 2016 at 16:48:45]
ERROR: ./methods.lua:32: attempt to index local 'tab' (a nil value)
FROM: 274459679
CHAT: -1001059901847
TEXT: ###added

[Thursday, 22 September 2016 at 11:53:55]
ERROR: ./methods.lua:32: attempt to index local 'tab' (a nil value)
FROM: 244271165
CHAT: -1001063481222
TEXT: #summon

[Thursday, 22 September 2016 at 13:36:08]
ERROR: plugins/flag.lua:56: attempt to index local 'temp' (a nil value)
FROM: 55059799
CHAT: -1001056839438
TEXT: @admin reported

[Thursday, 22 September 2016 at 13:36:57]
ERROR: plugins/flag.lua:56: attempt to index local 'temp' (a nil value)
FROM: 268986168
CHAT: -1001052073624
TEXT: @admin aefka

[Thursday, 22 September 2016 at 13:37:43]
ERROR: plugins/flag.lua:56: attempt to index local 'temp' (a nil value)
FROM: 237676494
CHAT: -1001056839438
TEXT: @admin

[Thursday, 22 September 2016 at 13:52:09]
ERROR: ./methods.lua:32: attempt to index local 'tab' (a nil value)
FROM: 19122753
CHAT: -1001067901835
TEXT: ###added

[Thursday, 22 September 2016 at 15:07:36]
ERROR: ./methods.lua:32: attempt to index local 'tab' (a nil value)
FROM: 261432538
CHAT: -1001080393908
TEXT: #mei

[Friday, 23 September 2016 at 09:20:20]
ERROR: ./methods.lua:32: attempt to index local 'tab' (a nil value)
FROM: 298229310
CHAT: -1001053342750
TEXT: ###added

[Friday, 23 September 2016 at 12:53:32]
ERROR: /usr/local/share/lua/5.2/redis.lua:380: redis error: ERR Background save already in progress
FROM: 125311351
CHAT: -1001094155678
TEXT: /ainit

[Friday, 23 September 2016 at 15:32:07]
ERROR: ./methods.lua:32: attempt to index local 'tab' (a nil value)
FROM: 238830610
CHAT: -131252265
TEXT: ###added

[Friday, 23 September 2016 at 15:36:34]
ERROR: ./methods.lua:32: attempt to index local 'tab' (a nil value)
FROM: 238830610
CHAT: -131252265
TEXT: ###added

[Friday, 23 September 2016 at 15:38:16]
ERROR: ./methods.lua:32: attempt to index local 'tab' (a nil value)
FROM: 238830610
CHAT: -131252265
TEXT: ###added

[Sunday, 25 September 2016 at 03:49:25]
ERROR: plugins/banhammer.lua:69: attempt to index field 'nick' (a nil value)
FROM: 249347106
CHAT: -1001060703821
TEXT: /banlist

[Sunday, 25 September 2016 at 09:33:05]
ERROR: plugins/banhammer.lua:360: attempt to concatenate global 'user' (a nil value)
FROM: 125311351
CHAT: -1001030085238
TEXT: /getrekt Troll

[Sunday, 25 September 2016 at 12:09:32]
ERROR: /usr/local/share/lua/5.2/socket/url.lua:31: bad argument #1 to 'gsub' (string expected, got boolean)
FROM: 233366402
CHAT: -1001062945416
TEXT: ###cb:userbutton:banuser:223188214

[Sunday, 25 September 2016 at 15:10:49]
ERROR: ./methods.lua:32: attempt to index local 'tab' (a nil value)
FROM: 250048886
CHAT: -1001059901847
TEXT: ###added

[Monday, 26 September 2016 at 16:28:10]
ERROR: /usr/local/share/lua/5.2/socket/url.lua:31: bad argument #1 to 'gsub' (string expected, got boolean)
FROM: 280232679
CHAT: -1001069741513
TEXT: ###cb:userbutton:banuser:281004906

[Monday, 26 September 2016 at 17:22:54]
ERROR: plugins/all.lua:241: attempt to index local 'text' (a nil value)
FROM: 253160657
CHAT: 253160657
TEXT: ###cb:menu:Admin_mode:-160790493

[Monday, 26 September 2016 at 17:24:24]
ERROR: plugins/all.lua:241: attempt to index local 'text' (a nil value)
FROM: 253160657
CHAT: 253160657
TEXT: ###cb:menu:Extra:-160790493

[Monday, 26 September 2016 at 17:25:53]
ERROR: plugins/all.lua:241: attempt to index local 'text' (a nil value)
FROM: 253160657
CHAT: 253160657
TEXT: ###cb:menu:Extra:-160790493

[Tuesday, 27 September 2016 at 20:25:01]
ERROR: plugins/banhammer.lua:360: attempt to concatenate global 'user' (a nil value)
FROM: 125311351
CHAT: -1001030085238
TEXT: /getrekt adverts

[Tuesday, 27 September 2016 at 20:25:33]
ERROR: plugins/banhammer.lua:360: attempt to concatenate global 'user' (a nil value)
FROM: 125311351
CHAT: -1001030085238
TEXT: /getrekt adverts

[Wednesday, 28 September 2016 at 13:14:52]
ERROR: ./methods.lua:32: attempt to index local 'tab' (a nil value)
FROM: 175133082
CHAT: -1001054270935
TEXT: ###added

[Wednesday, 28 September 2016 at 16:18:29]
ERROR: plugins/banhammer.lua:69: attempt to index field 'nick' (a nil value)
FROM: 266436499
CHAT: -1001060703821
TEXT: /banlist

[Wednesday, 28 September 2016 at 16:19:48]
ERROR: plugins/banhammer.lua:69: attempt to index field 'nick' (a nil value)
FROM: 266436499
CHAT: -1001060703821
TEXT: /banlist

[Thursday, 29 September 2016 at 05:16:48]
ERROR: ./methods.lua:32: attempt to index local 'tab' (a nil value)
FROM: 251181194
CHAT: -113444781
TEXT: ###added

[Thursday, 29 September 2016 at 05:23:47]
ERROR: ./methods.lua:32: attempt to index local 'tab' (a nil value)
FROM: 251181194
CHAT: -113444781
TEXT: ###added

[Thursday, 29 September 2016 at 16:55:10]
ERROR: ./methods.lua:32: attempt to index local 'tab' (a nil value)
FROM: 281967051
CHAT: -1001059901847
TEXT: ###added

[Friday, 30 September 2016 at 07:56:37]
ERROR: plugins/all.lua:241: attempt to index local 'text' (a nil value)
FROM: 189929530
CHAT: 189929530
TEXT: ###cb:menu:Modlist:-1001077940091

[Friday, 30 September 2016 at 23:21:18]
ERROR: ./methods.lua:32: attempt to index local 'tab' (a nil value)
FROM: 180447006
CHAT: -1001051890540
TEXT: ###added

